4
Charlize Theron Hayden Christensen
Charlize Theron Nicolas Cage
Edward Norton Matthew Lillard
Edward Norton Nicolas Cage
