5
David O'Hara Dwayne Johnson
Mark Boone Junior Will Ferrell
Melissa McCarthy Orla Brady
Miles Teller Robin Williams
Nick Nolte Sean Connery
