49
Amber Heard Dominic Cooper
Amber Heard Meg Ryan
Amber Heard Oliver Platt
Amber Heard Ryan Gosling
Amy Poehler Keanu Reeves
Amy Poehler Richard Harris
Arielle Kebbel Morgan Freeman
Arielle Kebbel Paul McGann
Arielle Kebbel Robin Wright
Arielle Kebbel Scarlett Johansson
Arielle Kebbel Stellan Skarsgård
Ben Chaplin Milla Jovovich
Cate Blanchett Kim Dickens
Cate Blanchett Lena Headey
Cate Blanchett Meg Ryan
Cate Blanchett Sarah Wayne Callies
Chloë Grace Moretz Paul Giamatti
Colm Meaney Laurence Fishburne
Dave Bautista Mia Kirshner
Diane Lane Keanu Reeves
Donnie Yen Mia Kirshner
Donnie Yen Oliver Platt
Emily Watson Keanu Reeves
Emmanuelle Chriqui John Leguizamo
Harrison Ford Jessica Chastain
Harrison Ford Kevin Spacey
Jamie Foxx Michael Fassbender
Jeremy Sumpter Keanu Reeves
Jessica Alba Richard Harris
Jessica Chastain Michael Fassbender
Jim Broadbent Keanu Reeves
John Leguizamo Katy Mixon
John Leguizamo Michael Fassbender
Jon Voight Oliver Platt
Kat Dennings Milla Jovovich
Kate Winslet Laurence Fishburne
Katey Sagal Milla Jovovich
Katy Mixon Keira Knightley
Katy Mixon Pamela Anderson
Keanu Reeves Kim Dickens
Keanu Reeves Leslie Bibb
Kevin Spacey Kris Kristofferson
Kim Dickens Milla Jovovich
Laurence Fishburne Sebastian Stan
Lena Headey Paul Giamatti
Meg Ryan Richard Gere
Milla Jovovich Sacha Baron Cohen
Rachel McAdams Sebastian Stan
Scarlett Johansson Sebastian Stan
