10
Chris Evans Penélope Cruz
Colin Firth Kim Basinger
David Hemmings Renee Rea
Gina Gershon Jake McDorman
Gina Gershon Penélope Cruz
Jake McDorman Samuel L. Jackson
Kim Basinger Renee Rea
Kim Basinger Samuel L. Jackson
Olivia Wilde Renee Rea
Salma Hayek Samuel L. Jackson
