481
Aaron Eckhart
Adam Kalesperis
Aidan Feore
Al Marchesi
Albert Tang
Alekxia Valdez
Alex Sol
Alexander Hathaway
Alexis Arquette
Alexis Rose Coen
Alfonso Freeman
Alisa Azpeitia
Allan Kolman
Allie Moss
Amanda Plummer
Amit Shah
Anderson Bourell
Andi Carnick
Andre McCoy
Andrew Bicknell
Andrew Kevin Walker
Andy Luther
Angela Jones
Ani Sava
Anne Lambton
Anthony Michael Hall
Antonio David Lyons
Ariyon Bakare
Arthur Max
Avery Brooks
Barbie Marie
Baron Jay
Beatrice Rosen
Bennie Moore
Beverly Burke
Beverly D'Angelo
Bill Armstrong
Bill Ibrahim
Blayne Bennett
Bob Collins
Bob Kaliebe
Bob Mack
Bob Stephenson
Brad Blumenthal
Brad Pitt
Brandon Lambdin
Brenda Hillhouse
Brian Evers
Brian Tochi
Bronagh Gallagher
Bronson Webb
Bruce Allen Dawson
Bruce Holman
Bruce Spielbauer
Bruce Willis
Burr Steers
Buster Reeves
Carl Allen
Carl Ciarfalio
Cat Mueller
Chad Randau
Chandler Lindauer
Charles A. Tamburro
Charles Jarman
Charles Query
Charles S. Dutton
Charles Venn
Charlie Dell
Charlie Kierscht
Charline Su
Cherish Lee
Chin Han
Chris D. Thomas
Chris Hastings
Chris Petschler
Chris Wilson
Christian Bale
Christie Cronenweth
Christina Cabot
Christopher John Fields
Christopher Masterson
Christopher Pastenes
Christopher Walken
Chuen Tsou
Cie Allman
Cillian Murphy
Colin McFarlane
Craig Braginsky
Craig Heaney
Dale Rivera
Dan Evashevski
Dan Gossen
Dan Latham
Daniel Jefferson
Daniel Zacapa
Danielle Day
Danny Goldring
Danso Gordon
Darrell Britt
Darren Elliot Fulsher
Daryl Satcher
David Ajala
David Andrews
David Basulto
David Correia
David Cosey
David Dastmalchian
David Fultz
David Jean Thomas
David Lee Smith
David Lesley
David William James Elliott
Debbi Burns
Debi Wollitzer
Deborah Lynn
Denise Meyer Kennell
Denney Pierce
Devan Richardson
Dierdre Downing-Jackson
Dominique Jennings
Don Blakely
Don Kress
Donovan Leitch Jr.
Doug Ballard
Douglas Bunn
Duane Whitaker
Duffy Gaver
Dwight Sora
Eddie Hargitay
Edison Chen
Edward Furlong
Edward Kowalczyk
Edward Norton
Eion Bailey
Elisa Schleef
Elliott Gould
Emil Sitka
Emily Lineham
Emily Wagner
Endre Hules
Eric Clark
Eric Roberts
Eric Stoltz
Erik Hellman
Ernest Pierce
Erron Jay
Essa Zahir
Ethan Suplee
Eugenie Bondurant
Evan Mirand
Ezra Buzzington
Fabrice Calmels
Fairuza Balk
Frank Whaley
Gary Oldman
Gary Ryder
Gary Shorelle
Gene Borkan
Gene Fojtik
George Christy
George Maguire
Gerard Jamroz
Gertrude Mosley
Giuseppe Andrews
Glendon Rich
Grahame Edwards
Greg Beam
Greg Bronson
Greg Peterson
Greg Schweiner
Gregory Fennell
Gregory Silva
Guy Torry
Gwyneth Paltrow
Gökhan Öncel
Hannah Gunn
Hans Cozzens
Harris Savides
Harrison White
Harvey Keitel
Hawthorne James
Heath Ledger
Heidi Schanz
Helena Bonham Carter
Helene Maksoud
Henry Milton Chu
Holt McCallany
Hugh Peddy
Ian Pirie
J.R. Martino
J.T. Pontino
James Deeth
James Farruggio
James Fierro
James Mellor
James Scales
James Warfield
Jan Seybold
January Stern
Jared Leto
Jason Bose Smith
Jason Frederick
Jason Fuller
Jawara
Jeff Albertson
Jennifer Knox
Jennifer Lien
Jeremy Sweet
Jerome Patrick Hoban
Jessica Doyle
Jim Jenkins
Jim Norton
Jim Templar
Jimmy Dale Hartsell
Jimmy Star
Joe Cortese
Joel Bissonnette
Joel Wasserman
John C. McGinley
John Cassini
John Embry
John Hoving
John Santin
John Snowden
John Thurner
John Travolta
John Turk
John Warman
Jon Lee Brody
Jonathan Fowler Jr.
Jonathan Macchi
Jonathan Ryland
Joon Kim
Jordan Marder
Jordan Stone
Jordon Hodges
Joseph Lazicki
Joseph Luis Caballero
Joseph Mazurk
Joseph Nelson
Joseph Oliveira
Joseph Pilato
Josh Chapman
Joshua Harto
Joshua Rollins
Julia Sweeney
Julian Flynn
Julie Araskog
Justin Mullins
K. Todd Freeman
Karen Maruyama
Kathy Griffin
Keith Kupferer
Keith Odett
Keith Szarabajka
Kelli Clevenger
Kelly Saindon
Keram Malicki-Sánchez
Kevin Pitcairn
Kevin Scott Mack
Kevin Spacey
Kevin Zaideman
Kiante Elam
Krista McEnany
Laine Edwards
Lanny Lutz
Lateef Lovejoy
Laura Chernicky
Laura Lovelace
Lauren Sanchez
Lawrence Bender
Leland Orser
Lennie Loftin
Leonard Termo
Lexie Bigham
Libby Pedersen
Linda Kaye
Lisa Greene
Lisa McAllister
Lisa Wolf
Lorea Solabarrieta
Lorelei Leslie
Lori Pizzo
Lorna Gayle
Lou Beatty Jr.
Louis E. Rosas
Louis Ortiz
Luke Burnyeat
Maggie Gyllenhaal
Marc Cinquanta
Marc Radz
Marcio Rosario
Maria de Medeiros
Mario Di Donato
Marisol Giraud
Maritza Cabrera
Mark Boone Junior
Mark Fite
Mark Keiser
Mark Swanson
Markus Redmond
Martin Ballantyne
Martin Serene
Matt Cho
Matt Cinquanta
Matt Rippy
Matt Shallenberger
Matt Winston
Matthew Leitch
Matthew O'Neill
Matthew W. Allen
Maximillian Kesmodel
Meat Loaf
Melinda McGraw
Michael Andrew Gorman
Michael Arturo
Michael Caine
Michael Corey Foster
Michael Gilden
Michael Girardin
Michael Jai White
Michael Kuster
Michael Massee
Michael Reid MacKay
Michael Shamus Wiles
Michael Sherwin
Michael Stoyanov
Michael Vieau
Michael Zagst
Michelle Christine White
Michelle Shields
Mike Bach
Mike Whyte
Monique Gabriela Curnen
Morgan Freeman
Nancy Crane
Natalie Hallam
Nathan Gamble
Nestor Carbonell
Nicholas R. Oleson
Nicky Katt
Nigel Carrington
Nigel Miguel
Noelle Lynn
Nydia Rodriguez Terracina
Olumiji Olawumi
Owen Masterson
Pamala Tyson
Pat McNamara
Patrick Clear
Patrick Leahy
Paul Bateman
Paul Birchard
Paul Calderon
Paul Carafotes
Paul Dillon
Paul E. Short
Paul Eckstein
Paul Hopkins
Paul Le Mat
Pek Pongpaet
Peter Brooke
Peter Crombie
Peter DeFaria
Peter Greene
Peter Iacangelo
Peter Rnic
Phil Hawn
Phil LaMarr
Philip Bulcock
Philip Centanni
Quentin Tarantino
R. Lee Ermey
R. Michael Egan
Rachel Daugherty
Rachel Flanagan
Rachel Singer
Ramses Jimenez
Reese Foster
Reg E. Cathey
Rene Beard
Rhys Kirkman
Rich Turner
Richard Dillane
Richard Divizio
Richard Noyce
Richard Portnow
Richard Rossi
Richard Roundtree
Richard Schiff
Richard Strobel
Richmond Arquette
Ritchie Coster
Rob Clark
Rob Lanza
Robby Robinson
Robert 'Duckie' Carpenter
Robert Patrick Stern
Robert Ruth
Robert Stone
Roger Monk
Ron Blair
Ron Dean
Ronan Summers
Rory Plante
Rosanna Arquette
Ryan Kross
Ryan McGonagle
Sal Ozbay
Sam Derence
Sam Sarpong
Sam Vlahos
Samuel L. Jackson
Sara Ritz
Sarah Jayne Dunn
Sarah Reinhardt
Scotch Ellis Loring
Scott Ganyo
Sean Hynes
Selwyn Ward
Shannon Wilcox
Sharlene Grover
Shirin Caiola
Sofiya Smirnova
Sophia Hinshelwood
Stacy Keach
Stephen Armourae
Stephen Hibbert
Steve Buscemi
Steve Wolford
Stuart Blumberg
Summer Moore
Susan Griffiths
Sy Sher
Sydney 'Big Dawg' Colston
Tara Blanchard
Thom Gossom Jr.
Thomas Gaitsch
Thomas Hartmann
Thomas Kosik
Thomas L. Bellissimo
Tim DeZarn
Tim Glanfield
Tim Krueger
Tim Roth
Tina Simmons
Tinnie Tong
Todd Peirce
Tom Falzone
Tom McComas
Tom McElroy
Tom Townsend
Tommy 'Tiny' Lister
Tommy Bartlett
Tommy Campbell
Tommy Dallace
Tony Domino
Tracy L. Aldaz
Trey Ore
Tristan Tait
Tudor Sherrard
Tyrone R. Livingston
Uma Thurman
Valerie Bickford
Van Quattro
Venessia Valentino
Vincent Riotta
Vincenzo Nicoli
Ving Rhames
Vivek Shah
Wai Wong
Walter Lewis
Wayne Baker
Will Jones
Will Zahrn
William Davidson
William Fichtner
William Russ
William Smillie
Winston Ellis
Zach Grenier
