2508
AJ Kane
Aaron Izbicki
Aaron Michael Lacey
Abbe Muschallik
Abdul Hassan Sharif
Abe Vigoda
Abigaille Ozrey
Ada Nicodemou
Adam Busch
Adam Goldberg
Adam Hart
Adam Masnyk
Adam Shaw
Adam Wandt
Adelle Lutz
Adriana Caselotti
Adrienne D'Ambricourt
Adryn White
Adão Xalebaradã
Afemo Omilami
Agnieszka Grochowska
Aiden Condron
Akira Akbar
Al Bridge
Al Ernest Garcia
Al Harrington
Al Jolson
Al Lettieri
Al Martino
Al Mulock
Al Pacino
Alan Arkin
Alan Howard
Alan Joyce
Alan Lee
Alan R. Kessler
Alberigo Donadeo
Alberto Morin
Aldo Berti
Aldo Giuffrè
Aldo Sambrell
Alec Baldwin
Alekxia Valdez
Alex Coleman
Alex Dezen
Alex Morris
Alex Rocco
Alex dos Santos
Alexander Cerqueira
Alexander Kane
Alexander Lu
Alexander Michael Helisek
Alexander Pollard
Alexander Zemeckis
Alexandre 'China' Tavares
Alexandre Rodrigues
Alexia Fairbrother
Alexis Arquette
Alfie Allen
Alfonso Freeman
Alfredo Romeo Suarez
Algenis Perez Soto
Alice Bonifacio
Alice Braga
Alice Parkin
Alice Porter
Alison O'Donnell
Alistair Browning
Alix Bushnell
Allan Kolman
Allan Poppleton
Allan Smith
Allie Sallee
Allison Lane
Almira Sessions
Alonzo Brown
Alonzo F. Jones
Aloysius Gigl
Alvaro Laborin
Alyson Jones
Alyssa Brooke Levine
Alyssia Dujmovich
Amanda Boxer
Amanda Lynch
Amanda Plummer
America Ferrera
Amerigo Castrighella
Amerjit Deu
Amimul Rolly
Amir Abdalla
Amy Seimetz
Ana Ayora
Anastasia Deace
Anatoli Akerman
Andee Grace Burton
Anderson Bourell
Anderson Bruno Marques
Anderson Faria
Anderson Lugão
Andi Carnick
Andre B. Blake
Andre Franco
Andres Austin Bennett
Andrew Aninsman
Andrew Borba
Andrew Breving
Andrew Ellis
Andrew G. Ogleby
Andrew Hooper
Andrew Kevin Walker
Andrew Lepper
Andrew Masset
Andrew Munro
Andrew Scott
Andrew Scudiero
Andrew Stehlin
André Luiz Mendes
André Pires Martins
Andy Serkis
Angela Ashton
Angela Franklin
Angela Jones
Angela Lomas
Angela Pietropinto
Angelis Alexandris
Angelo Infanti
Angelo Novi
Ani Sava
Anibal O. Lleras
Anisa Nyell Johnson
Anita Camargo
Anjelica Huston
Anna Maguire
Anne Hathaway
Annette Bening
Annie Pisapia
Anthony Alessandro
Anthony Anderson
Anthony Caso
Anthony Estrella
Anthony Gounaris
Anthony Heald
Anthony Hopkins
Anthony Levatino
Anthony Lowery
Anthony Molinari
Anthony Polemeni
Anthony Powers
Anthony Ragland
Anthony Ray Parker
Anthony Valentin
Anthony Vance Pierce
Antoni Guedes
Antonia Clarke
Antonio Casale
Antonio Casas
Antonio Contreras
Antonio Molino Rojo
Antonio Palombi
Antoñito Ruiz
António Rodrigues
April Warren
Arabella Neale
Archie
Archie Madekwe
Ardell Sheridan
Are Manea Karati
Argentina Brunetti
Ariunchimeg Enkhsaikhan
Arlindo Lopes
Armen Garo
Arnet Amos
Aron Eastwood
Arsène Jiroyan
Art Howard
Arthur Bremer
Arthur Dulac
Arthur Max
Arthur Stuart Hull
Arthur Tovey
Arthur Wilde
Ashley Bratcher
Ashley Jensen
Athena Rem
Attilio Dottesio
Auden L. Ophuls
Audrey Landers
Audrie Neenan
Augie Davis
Aurore Clément
Autumn Munden
Axel Darna
Aysanoa Runachagua
Azari Akbar
Babu Santana
Bailey Beede
Bailey Drucker
Bailey Thain
Baron Jay
Barrie M. Osborne
Barry Curtis
Barry Norton
Barry Pepper
Barry Squitieri
Bartolomeu Braga
Beau Starr
Begona F. Martin
Belinda McClory
Bella Altamura
Bella Fraker
Ben Barrington
Ben Britton
Ben Crowe
Ben Fransham
Ben Key
Ben Matthew Saunders
Ben Mendelsohn
Ben Price
Ben Waddel
Benicio Del Toro
Benito Stefanelli
Benjamin 'Bendini' French
Benjamin Hardy
Benjamin Pitz
Bennie Moore
Berlinda Tolbert
Bern Collaço
Bernard Hill
Bernard Ledger
Bernardo Santos
Bernie Grant
Bert Howard
Bert Moorhouse
Bert Williams
Beth Belden
Beth Willetts
Bethany Levy
Betsy Winslow
Betty Adams
Betty Miller
Beulah Bondi
Beverly Burke
Bhogwan Singh
Bill Bolender
Bill Craddock
Bill Crawley
Bill Dalzell
Bill Gratton
Bill Irwin
Bill McKinney
Bill Miller
Bill Roberson
Bill Young
Billy Bates
Billy Boyd
Billy Jackson
Billy L. Sullivan
Billy Nelson
Billy Silvia
Billy Smith
Billy Zane
Binyam 'Bichu' Tesfamarian
Blair Morton
Bo Cleary
Bo Dietl
Bob Altman
Bob Blackwell
Bob Collins
Bob Elmore
Bob Golub
Bob Gunton
Bob Harks
Bob Hope
Bob Mack
Bob O'Connor
Bob Pennetta
Bob Penny
Bob Stephenson
Bobby Barber
Bobby Richardson
Bonnie Ann Burgess
Bonnie Hunt
Brad Blumenthal
Brad Dourif
Brad Pitt
Brad Spencer
Brandon Beach
Branko Dordevich
Brenda Hillhouse
Brendan Burke
Brendan Shanahan
Brent Briscoe
Brent Hinkley
Brent McIntyre
Bret Jones
Bret McKenzie
Brett Gelman
Brett Rice
Brian Brophy
Brian Delate
Brian Evers
Brian Haley
Brian Libby
Brian Maynard
Brian Sergent
Brian Smyj
Brian Tochi
Brick Sullivan
Brie Larson
Brittini Schreiber
Bronagh Gallagher
Bronagh Waugh
Brooke Smith
Brooks Benedict
Brooks Ryan
Brooksey Souders
Bruce Allpress
Bruce Holman
Bruce Hopkins
Bruce Lucvia
Bruce Mitchell
Bruce Phillips
Bruce Willis
Bruno Corazzari
Bruno Ricardo
Bryan Cranston
Bryan Hanna
Bryan Stamp
Bryan Whorton
Bryn Davis
Buddy Dolan
Buddy Messinger
Buppha Witt
Burr Steers
Burt Richards
Buz Buckley
Buzz Kilman
Byron Minns
C. Neil Davenport
Callie Rose Deets
Callum Forman
Calum Gittins
Calvin Chen
Calvin Gadsden
Cameron Lemon
Cameron Rhodes
Campbell Rousselle
Carl 'Alfalfa' Switzer
Carl Allen
Carl Bressler
Carl Ciarfalio
Carl Deloro
Carl Eric Hansen
Carl J. Matusovich
Carl Kent
Carlos 'Lencinho' Smith
Carlos Henrique Avernas
Carmine Coppola
Carol Been
Carol Coombs
Carol Meirelles
Carol Morley
Carrie-Anne Moss
Cary Wong
Casey Affleck
Casey Siemaszko
Cash Adams
Casper Andreas
Castulo Guerra
Cat Mueller
Cate Blanchett
Catherine Dyer
Catherine Scorsese
Cecil Reynolds
Cedric Stevens
Celeste Pechous
Chad Randau
Chance Kelly
Chandler Lindauer
Charles A. Tamburro
Charles Boswell
Charles Bronson
Charles C. Wilson
Charles Chaplin
Charles Day
Charles Halton
Charles L. Campbell
Charles La Torre
Charles Lane
Charles Meakin
Charles Napier
Charles Paraventi
Charles Pendelton
Charles Rogers
Charles S. Dutton
Charles Samuel
Charles Scorsese
Charles Sullivan
Charles Williams
Charlie Dell
Charlie Kearns
Charlie Mayhew
Charline Su
Charlotte Worwood
Chazz Palminteri
Chelo Alonso
Chelsea Rae Barton
Chester Conklin
Chiffonye Cobb
Chirame Shapra
Chloé Booyens
Chris Anastasio
Chris Chinn
Chris Ecob
Chris Evans
Chris Fischer
Chris Hastings
Chris Isaak
Chris McGinn
Chris Pattinson
Chris Reid
Chris Rogers
Chris Ryan
Chris Streeter
Christa Beth Campbell
Christian Duurvoort
Christian Finlayson
Christian Wolf-La'Moy
Christiano
Christie Cronenweth
Christina Cabot
Christine Estabrook
Christine McCann
Christine Seabrook
Christophe Gautier
Christopher Greenwood
Christopher James Hall
Christopher Joel Ives
Christopher John Fields
Christopher Jones
Christopher Lee
Christopher Lloyd
Christopher McQuarrie
Christopher Mintz-Plasse
Christopher Page
Christopher Serrone
Christopher Walken
Christy Qulliam
Chuck Aber
Chuck Brauchler
Chuck Hamilton
Chuck Low
Chuck Riley
Chuku Modu
Cici Leah Campbell
Cie Allman
Claire Slemmer
Clancy Brown
Clara Rugaard
Clark Gregg
Claude Rains
Claudia Cardinale
Claudia Wells
Claudio Mancini
Claudio Scarchilli
Cleiton Ventura
Clem Caserta
Clint Calvert
Clint Eastwood
Clint Elvy
Clinton Ulyatt
Clive Brunt
Cláudio César
Colin Farrell
Colin Ford
Collette Wolfe
Connor Ryan
Connor Scott Frank
Conor Donovan
Conrad Veidt
Conrad Yama
Conrado San Martín
Constance St-Denis-Veilleux
Constantine Romanoff
Corey Johnson
Corinna Mura
Cornell Wallace
Corrado Gaipa
Cory Scott Allen
Courtney Denk
Courtney Gains
Craig Castaldo
Craig Ferguson
Craig McKinnon
Craig Parker
Craig Thomas Lambert
Creighton Hale
Crispin Glover
Cristen Kauffman
Crofton Hardester
Crystal Lisbon
Crystal Michelle Blake
Crystal Ringer
Curt Bois
Cy Schindell
Cynthia Ettinger
Cynthia Kaplan
D'Janine King-Lasky
D. Stanton Miranda
Dabbs Greer
Daisy Lowe
Dale Dye
Damião Firmino
Damon O'Daniel
Dan Butler
Dan Hedaya
Dan Hennah
Dan Seymour
Dana Melanie
Dana Snyder
Dani Dyer
Dani Ornellas
Daniel Andrews
Daniel C. Striepeke
Daniel Cerqueira
Daniel D. Harris
Daniel F. Risteen Jr.
Daniel Falconer
Daniel GonÇalves
Daniel J. Gillooly
Daniel P. Conte
Daniel Schenmetzler
Daniel Westwood
Daniel Zacapa
Daniel Zettel
Daniel von Bargen
Daniela Barbosa
Danny Aiello
Danny Darst
Danny DeVito
Danny Dyer
Danny Mummert
Danny Peled
Danté McCarthy
Darla
Darlan Cunha
Darrell O'Cook
Darren Lee Campbell
Darren W. Conrad
Darryl Wooten
Dave Houma
Davey Hughes
David Albiero
David Andrews
David Aston
David Boston
David Brisbin
David Conley
David Correia
David E. Browning
David Early
David Fischer
David Gatward Ferguson
David Gregg
David Gyasi
David Harold Brown
David Hecht
David J. Muzzerall
David Jean Thomas
David Lee Smith
David Meyers
David Morse
David O'Connor
David O'Hara
David Oyelowo
David Powledge
David Proval
David Tennant
David Thomas Coulter
David Vegh
David W. Butler
David Weatherley
David Wenham
David Wohl
Deadra Moore
Dean Morganty
Dean R. Brooks
Debbee Hinchcliffe
Debi Mazar
Deborah Carlson
Deborah Harmon
Deborah McTeer
Declan Geraghty
Dee Croxton
Deirdre Fitzpatrick
Delano Valentim
Delos V. Smith Jr.
Demetri Goritsas
Denece Ryland
Deni Gordon
Denis Bellocq
Denise Fonseca
Denise Gough
Dennis Baker
Dennis Farina
Dennis Lynch
Deobia Oparei
Derek Lea
Derek McEntire
Derrick T. Tuggle
Desiree April Connolly
Devan Richardson
Dewey Robinson
Diana Toshiko
Diane Baker
Diane Keaton
Diane Kimbrell
Dianne Smith
Dick Botiller
Dick Cavett
Dick Clark
Dick Elliott
Dick Gordon
Dick Stilwell
Didier Legros
Diego Batista
Diego Ferreira
Diego Mendes
Dierdre Downing-Jackson
Dina Smirnova
Dino Laudicina
Dino Mele
Dino Zamboni
Dion Anderson
Dion Baia
Djimon Hounsou
Domingo Contreras
Dominic Monaghan
Dominique DeVito
Dominique Jennings
Don Blakely
Don Brockett
Don Cheadle
Don Costello
Don Creech
Don Fischer
Don Galloway
Don Langley
Don Langridge
Don McManus
Don Pravda
Donald Fullilove
Donald Zinn
Donna Reed
Donna Wong
Dooley Wilson
Dora Tate
Dorothy Anne Bonner
Dorothy Grumbar
Dorothy Lyman
Dorothy Silver
Doug Hutchison
Douglas Crosby
Douglas Reith
Douglas Silva
Dra McKay
Drew Stanley
Duane Henry
Duane Whitaker
Duffy Gaver
Dwight Marfield
Dylan A. Fox
Dylan Bruno
E.G. Marshall
Ed Agresti
Ed Begley
Ed Cuffe
Ed Davis
Ed Deacy
Ed Money
Ed Vantura
Ed Ventresca
Edd Osmond
Eddie Fetherston
Eddie Hargitay
Eddie Kane
Eddy Rome
Edna Garcia
Edrie Warner
Edson Montenegro
Edson Oliveira
Eduardo 'BR' Piranha
Edward Binns
Edward Boggiss
Edward Burns
Edward Clark
Edward D. Murphy
Edward Hayes
Edward Keane
Edward Kimball
Edward Kowalczyk
Edward LeSaint
Edward McDonald
Edward Norton
Edward Saxon
Effie Laird
Eion Bailey
Elaine Kagan
Eleanor Ham
Eleanor Witt
Elena Zacharia
Eli Wallach
Elijah Wood
Elizabeth Berrington
Elizabeth Dings
Elizabeth Everett
Elizabeth Hanks
Elizabeth Moody
Elizabeth Regen
Elizabeth Whitcraft
Ella Augustin
Elle Fanning
Ellen Burstyn
Ellen Corby
Ellen Greene
Ellie Fransch
Ellinor Vanderveer
Ellsworth Hanna
Elsa Raven
Elvis Presley
Elyes Gabel
Emerson Gomes
Emil Sitka
Emily Carey
Emily Ozrey
Emily Tebbutt
Emily Wagner
Emma Elle Roberts
Emma Tillinger Koskoff
Endre Hules
Enrico Morsella
Enrique Acosta
Enrique Santiago
Enzo Petito
Enzo Santaniello
Erasmus C. Alfano
Eric Alan Wendell
Eric Bruno Borgman
Eric Challier
Eric Clark
Eric Loren
Eric Mendenhall
Eric Stoltz
Eric Underwood
Erich Redman
Erick Hayden
Erick Oliveira
Ernie Adams
Errol Francis
Ethel Sway
Euclides Garcia
Eugene Borden
Eugene C. DePasquale
Eugenie Bondurant
Eva Green
Evan Mirand
Evanne Drucker
Eve Brent
Evelyn Moriarty
Ezra Buzzington
F. Murray Abraham
Fabiano Altamura
Fabiano Gonçalves
Fabio Testi
Fay Genens
Felipe Nogueira
Felipe Paulino
Felipe Porto
Felipe Villela Mendonça
Filomena Spagnuolo
Finley Hobbins
Fiona Johnson
Flora Nolan
Fortunato Arena
Fran McGee
Frances Lee McCain
Francesca Leone
Francesca Scorsese
Francis Mountjoy
Francis P. Hughes
Francis X. McCarthy
Francisco Marcos
Franco Citti
Franco Corsaro
Franco Tocci
Frank Adonis
Frank Albanese
Frank Albertson
Frank Aquilino
Frank Arnold
Frank Bourke
Frank Braña
Frank Cassini
Frank DiLeo
Frank Edwards
Frank Faylen
Frank Fenton
Frank Geyer
Frank Goldingham
Frank Hagney
Frank Huseyin
Frank Leslie
Frank Mallicoat
Frank Mancuso
Frank Mazzola
Frank Medrano
Frank Moran
Frank O'Connor
Frank Pellegrino
Frank Puglia
Frank Schorpion
Frank Seals Jr.
Frank Senger
Frank Sivero
Frank Stellato
Frank Vincent
Frank Whaley
Frank Wolff
Frankie Faison
Franklin Parker
Frazer Anderson
Fred Astaire
Fred Culbertson
Fred Farrell
Fred Fischer
Fred Malatesta
Frederico Lins
Freia M. Titland
Fábio 'Dog' da Cunha
Fábio Castor Conceição
G.W. Bailey
Gabriel Byrne
Gabriele Ferzetti
Gabriele Torrei
Gaetano Lisi
Gaetano LoGiudice
Gage Lawson
Gaige Chaturantabut
Gail Yudain
Gareth Jensen
Gareth Reeves
Garry Owen
Garry Pastore
Garth Shaw
Gary Goetzman
Gary Imhoff
Gary Jones
Gary Lee Davis
Gary Oldman
Gary Riley
Gary Robinson
Gary Sefton
Gary Shorelle
Gary Sinise
Gayle Lewis
Gemma Chan
Gene Borkan
Gene Canfield
Gene Lythgow
Geoff Allen
Geoffrey Bateman
Geoffrey Blake
Geoffrey Steele
George 'Buck' Flower
George 'Red' Schwartz
George A. Romero
George Christy
George Dee
George DiCenzo
George Gerard
George Gjiggy Francis
George J. Lewis
George Jovanovic
George Kelly
George M. Carleton
George Maguire
George Martin
George Meeker
George Michael
George Noisom
George Sorel
George Voskovec
George Wallace
Georges Renavent
Georgie Nokes
Georgie-May Tearle
Gerald Ford
Gerald Oliver Smith
Gerard Butler
Gero Camilo
Gian-Carlo Coppola
Giancarlo Esposito
Gianni Russo
Gideon Emery
Gil Bellows
Gil De St. Jeor
Gil Torres
Gilles Kleber
Gina Mastrogiacomo
Gina Mattia
Gina Scoles
Ginger Rogers
Gino Acevedo
Gino Corrado
Giovanni Ivan Scratuglia
Giovanni Ribisi
Glendon Rich
Glenn Wrage
Gloria DeHaven
Gloria Delson
Gloria Foster
Gloria Franks
Gloria Grahame
Glyn Angell
Gonzo
Gordon Greene
Govinda
Gower Mills
Grace Sinden
Grady Bowman
Graham Greene
Grahame Wood
Grant Roa
Granville 'Danny' Young
Gray Frederickson
Graziella Moretto
Greg 'Danger' Morrison
Greg Bronson
Greg Canestrari
Greg Lane
Greg Tozer
Gregory Fennell
Gregory Gaye
Gregory Golubeff
Gregory Silva
Griff Furst
Griffen Fraser
Guilherme Estevam
Guilherme William
Gurdeep Singh
Gustavo Engrácia
Guti Fraga
Gwyneth Paltrow
Gökhan Öncel
H. Clay Dear
H.B. Warner
Haley Joel Osment
Hallie D'Amore
Hank Mann
Hanna Hall
Hannah Bamberg
Hannah Banks
Hannah Connery
Hannah Stokely
Hannah Wood
Hans Heinrich von Twardowski
Harlem Teixeira
Harold E. Cope Jr.
Harold G. Herthum
Harold Landon
Harriet L. Ophuls
Harris Savides
Harrison White
Harrison Young
Harry Cheshire
Harry Dean Stanton
Harry Denny
Harry Holman
Harry Lawrence
Harry Northup
Harry Sinclair
Harry Taylor
Harry Waters Jr.
Harry Wilson
Harve Presnell
Harvey Keitel
Hawthorne James
Heather Rome
Heidi Schanz
Heinie Conklin
Helen Dickson
Helena Bonham Carter
Helmut Dantine
Henny Youngman
Henrihs Ahmadejevs
Henry Bergman
Henry Fonda
Henry Kwan
Henry Laun
Henry Mortensen
Henry Rowland
Henry Travers
Henry Yuk
Herbert Evans
Herbert Heywood
Hercules Mendez
Herschel Graham
Hervé Husson
Hilary Chaplain
Holly Battaglia
Holt McCallany
Huey Lewis
Hugh O'Brien
Hugh Peddy
Hugo Lavoie
Hugo Weaving
Humphrey Bogart
Hélène Cardona
Ian Holm
Ian McKellen
Ian Mune
Ian Porter
Ilka Grüning
Illeana Douglas
Ines Feghouli Bozon
Ingrid Bergman
Ione M. Telech
Iran Singh
Irene Mack
Irving Welzer
Isabel Rose
Isiah Whitlock Jr.
Italia Coppola
Ivan Martins
Ivy Bethune
J. Farrell MacDonald
J.C. MacKenzie
J.C. Nugent
J.D. Evermore
J.J. Cohen
J.T. Pontino
JD
Jack Bailey
Jack Bowden
Jack Cheatham
Jack Donoghue
Jack Elam
Jack Gordon
Jack Klugman
Jack Lomas
Jack Low
Jack McCullough
Jack Nicholson
Jack Shearer
Jack Warden
Jack Wise
Jackie Monahan
Jackie Taylor Jr.
Jackson Kai
Jacob Dance
Jacob Figueroa
Jacob Lemieux
Jacqueline Lovell
Jacques Lory
Jacques Vanaire
Jager
Jaime H. Campos
Jaime Lawrence
James B. Howard
James Babson
James Badge Dale
James C. Morton
James Caan
James Cromwell
James Deeth
James Embree
James Ent
James Fahrner
James Hatten
James Innes-Smith
James Kelly
James Kisicki
James Marshall Wolchok
James Melissinos
James Michael Farrell
James Morrison
James P. Anderson
James Quattrochi
James Sie
James Stewart
James Thomas Scott
James Tolkan
James V. Shore
James Waterhouse-Brown
James Whitmore
Jamie Abbott
Jamie De Roy
Jamiel Hasson
Jana Posna
Janaya Pender
Janis Corsair
Jared Bankens
Jared Leto
Jared Lotz
Jared Stovall
Jarl Benzon
Jarret LeMaster
Jason Clarke
Jason Davis
Jason Hervey
Jason Hewitt
Jason Hood
Jason Marin
Jason McGuire
Jason Menz
Jason Robards
Jason Shillingford
Jawara
Jay Arthur
Jay Baruchel
Jay Giannone
Jay Ross
Jean Acker
Jean De Briac
Jean Del Val
Jean Gale
Jean Reno
Jean-Hugues Anglade
Jeanine Ann Roose
Jeanne Hanna
Jeannie Linero
Jed Brophy
Jed Gillin
Jefechander Suplino
Jeff Hephner
Jeff Kingsford-Brown
Jeff McBride
Jeff O'Haco
Jeffrey Corazzini
Jeffrey DeMunn
Jeffrey Rollins
Jeffrey Winner
Jeffrey Winter
Jeffrie Lane
Jennie Ella
Jeremy Ball
Jeremy Davies
Jeremy Sciascia
Jeremy Shane
Jernard Burks
Jerome Patrick Hoban
Jerry Vale
Jesse Kirtzman
Jessica Barker-Wren
Jessica Bean
Jessica Chastain
Jessie Keosian
Jessie Vinning
Jesús Guzmán
Jesús Porras
Jeté Laurence
Jewels Good
Jill Brown
Jill Senter
Jim Boeke
Jim Damron
Jim Dratfield
Jim Evans
Jim Ford
Jim Jenkins
Jim Keller
Jim Roche
Jimmy Dale Hartsell
Jimmy Hawkins
Jimmy Star
Jimmy the Crow
Jo Osmond
Jo Surgison
Joakim Skarli
Joanna Bennett
Jodie Foster
Jodiviah Stepp
Joe Abby
Joe Alaskey
Joe Gioco
Joe Knopp
Joe Lo Grippo
Joe Pantoliano
Joe Pecoraro
Joe Pesci
Joe Petrullo
Joe Spinell
Joe Stefanelli
Joe Washington
Joel Bissonnette
Joel Blake
Joel Calendrillo
Joel Michaely
Joerg Stadler
Joey Courteau
John 'Cha Cha' Ciarcia
John Bach
John Barnett
John Bartha
John C. McGinley
John Cassini
John Cazale
John Cenatiempo
John Connally
John D. Craig
John Di Benedetto
John E. Summers
John F. Kennedy
John Farrer
John Fiedler
John Franchi
John Frederick
John Gettier
John Gillespie
John Glenn Harding
John Hall
John Horton
John Indrisano
John Leigh
John Lennon
John Lima
John Lithgow
John Locke
John Manca
John Marley
John Martino
John McConnell
John McCook
John Noble
John Peña Griswold
John Polce
John Qualen
John R. Woodward
John Rand
John Randall
John Rhys-Davies
John Rue
John Santin
John Savoca
John Sharian
John Travolta
John Voldstad
John W. Iwanonkiw
John Walters
John Wayland Somers
John William Galt
John Worsham
John Wraight
John de Lancie
John-Michael Steele
Johnathan Gorman
Johnny Cicco
Johnny Green
Johnny Limo
Johnny Vaughan
Johnny Williams
Jonah Hill
Jonas Michel
Jonathan Clifford
Jonathan Haagensen
Jonathan Harding
Jonathan Jordan
Jono Manks
Joon Kim
Jordan Puckett
Jordan Stephens
Jorge Espadas
Josef Davies
Joseph Arkley
Joseph Bono
Joseph Bradley
Joseph D'Onofrio
Joseph DeVillard
Joseph E. Bernard
Joseph Gatt
Joseph Granby
Joseph Macnab
Joseph Malerba
Joseph Medaglia
Joseph Mika-Hunt
Joseph Oliveira
Joseph P. Reidy
Joseph Pilato
Joseph Ragno
Joseph Riccobene
Joseph Sweeney
Joseph Zamparelli
Josh Broder
Josh Stewart
Josip Elic
José Terrón
Jota Farias
Joy Page
Joy Thayer
Joyce Gordon
João Costa Menezes
João Soares
Juan Singleton
Juana Sutton
Jude Ciccolella
Jude Law
Judy Herrera
Julia Emelin
Julia Sweeney
Julian Arahanga
Julian Flynn
Julian Kershaw
Julian Spencer
Julie Araskog
Julie Garfield
Julie Gregg
Julie Wilkinson
Julio Martínez Piernavieja
Junior Almeida
Junior John Levis
Justin Mullins
Justin Rupple
Jéssica da Silva
Jørn Benzon
Júlio César Siqueira
Kaiser Johnson
Kamil Lemieszewski
Karen Maruyama
Karen Petrasek
Karina Falcão
Karl Urban
Karlos Drinkwater
Karolyn Grimes
Kasi Lemmons
Kate Bentley
Kate Castle
Kate Forbes
Kate O'Rourke
Katelyn Leavenworth
Katherine Britton
Katherine Wallach
Kathleen Byron
Kathleen Tawney
Kathleen Wilce
Kathy Griffin
Katie Jackson
Katie O'Dell
Kay Koury
Kay Lee
Keanu Reeves
Keenan Wynn
Keith A. Glascoe
Keith Lomas
Keith S. Bullock
Kelley Kerr Young
Kelly Corbishley
Kelly Lee
Kelly Sue DeConnick
Ken Byrd
Ken Daly
Ken Kenny
Ken Magee
Ken Stratton
Kenneth Bevington
Kenneth G. Yong
Kenneth Mitchell
Kenneth Stoddard
Kenneth Utt
Kent Broadhurst
Keri-Anne Bilotta
Kester Fordham
Kevan Weber
Kevin Corrigan
Kevin Davis
Kevin M. Kelly
Kevin Mangan
Kevin P. McCarthy
Kevin Patrick Murphy
Kevin Pollak
Kevin Scott Mack
Kevin Seal
Kevin Spacey
Kieron Elliott
Kiko Marques
Kim Allen
Kirk Ward
Kit Harington
Kitty K. Green
Kris Vallotton
Kristen Dalton
Kristen Wiig
Kristian Van der Heyden
Kurt Russell
KyLynn Sanders
Laird Macintosh
Lal Chand Mehra
Lamont Arnold
Lan Fendors
Lance Fabian Kemp
Lance Louez
Lane Chandler
Lani Jackson
Larry Brandenburg
Larry Mitchell
Larry Rew
Larry Silvestri
Larry Simms
Larry Wheat
Lars Eidinger
Lashana Lynch
Laura Hunt
Laura Lovelace
Laura Vivio
Lauren Modiano
Lauren Roselli
Lauren Sanchez
Laurence Fishburne
Lawrence A. Bonney
Lawrence Bender
Lawrence Cameron Steele
Lawrence Makoare
Lawrence Sacco
Lawrence T. Wrentz
Lawrence Woodward
Lazarus Jackson
Lea Thompson
Leah Cairns
Leah R. Powell
Leandra Miranda
Leandro Dias Batista
Leandro Firmino
Leandro Gonçalves
Leandro Lima
Leandro Lucas
Leandro Omuri
Lee Aaron Rosen
Lee Brownfield
Lee Eaton
Lee Frederick
Lee Hartley
Lee J. Cobb
Lee Pace
Lee Van Cleef
Leib Lensky
Leiz Moreira
Leland Orser
Lena Georgas
Lennie Loftin
Lenny Herb
Lenny Montana
Leo
Leo Generoso
Leo Mostovoy
Leo Stransky
Leo White
Leon Belasco
Leonard Termo
Leonardo DiCaprio
Leonardo Melo
Leonid Kinskey
Lester Sharpe
Lew Davis
Lexie Bigham
Lezl Gonzales
Liam Bewley
Lila Rose
Lillian Randolph
Linda Carola
Linda E. Smith
Linda Gray
Linda Kaye
Lionel Barrymore
Lionel Stander
Lisa Bostnar
Lisa Dapolito
Lisa Freeman
Lisa Haas
Liv Tyler
Livio Andronico
Livio Lorenzon
Liz Hewson
Liz Merton
Lloyd Ingraham
Lloyd L. Tolbert
LoNardo
Loclann Aiken
Logan Livingston Gomez
London Fuller
London Kim
Lonnie Hamilton
Lorelei Leslie
Lorenzo Robledo
Lori Dungey
Lori Pizzo
Lorraine Bracco
Lorre Fritchy
Lotte Palfi Andor
Lou Beatty Jr.
Lou Marcelle
Lou Martini Jr.
Louis Eppolito
Louis Guss
Louis Lombardi
Louis Mercier
Louis Natheaux
Louis Ortiz
Louis Perez
Louis V. Arco
Louisa Moritz
Louise Fletcher
Luana Strode
Luc Bernard
Lucas Lavoie
Luciana Roque
Lucius Wyatt Cherokee
Lucy DeVito
Ludwig Stössel
Luigi Ciavarro
Luigi Magnani
Luigi Pistilli
Luis Carlos Oliveira
Luis Carlos Rodrigues Oliveira
Luis Fernández de Eribe
Luis Otávio
Luiz Carlos Ribeiro Seixas
Luke Quinton
Luke Walter
Lulu Benamor
Luís Nascimento
Lyman Chen
Lynden Berryman
Lyndon Johnson
Lynette Jenkins
Lynn O'Leary-Jameson
Lyonetta Flowers
Lúcio Andrey
Mac Steinmeier
Mack Miles
Mackenzie Foy
Mackenzie Hawe
Maclean Burke
Maddison Blows
Madeleine Lebeau
Maia Brewton
Mana Hira Davis
Manny Alfaro
Manuel Lopez
Manuel Machado
Manuel París
Marc Aden Gray
Marc Alan Austen
Marc Andréoni
Marc Cass
Marc Cinquanta
Marc Esse
Marc McClure
Marcel Dalio
Marcello 'Máscara' Alves
Marcello Costa
Marcello Melo Jr.
Marcelo António Santos
Marcelo Araújo
Marcelo Melo
Marcio Rosario
Marcio Vinicios
Marco Zuanelli
Marcos 'Kikito' Junqueira
Marcos Coutinho
Marcos Viana
Marcus Batton
Marcus Chong
Marcus Thorne
Margaret Smith
Margaux Guerard
Margo Moorer
Margo Winkler
Margot Kistler
Maria Herrera
Maria Skorobogatov
Maria de Medeiros
Marian Carr
Marianne Leone
Marie Michaels
Marilyn Brett
Marilù Carteny
Marina Mandonça Pinheiro
Mario Brega
Mario Di Donato
Mario Todisco
Marius De Vries
Marjo Nantel
Mark A. Rich
Mark Boone Junior
Mark Daugherty
Mark Evan Jacobs
Mark Falvo
Mark Ferguson
Mark Fite
Mark Hemphill
Mark Matheisen
Mark Philip Patrick
Mark Phillips
Mark Reader
Mark Roberts
Mark Rolston
Mark Ruffalo
Mark Stobbart
Mark Wahlberg
Markus Alexander
Markus Napier
Markus Redmond
Marla Sucharetza
Marlena Smalls
Marlon Brando
Marlon Sanders
Marta Martí
Martin Balsam
Martin Beaton
Martin Garralaga
Martin Hub
Martin McDougall
Martin Serene
Martin Sheen
Marton Csokas
Martyn Sanderson
Mary Bayless
Mary Ellen Trainor
Mary Klug
Mary Montoya
Mary Sheila
Mary Treen
Matheus Nachtergaele
Matt Appleton
Matt Cinquanta
Matt Damon
Matt De Matt
Matt Doran
Matt Jennings
Matt Rebenkoff
Matt Truman
Matt Wallace
Matt Winston
Matthew 'Spider' Kimmel
Matthew Bellows
Matthew Castle
Matthew Cox
Matthew David McCarthy
Matthew Maher
Matthew McConaughey
Matthew Saville
Matthew Sharp
Matthew T. Gitkin
Matthew Vlahakis
Maura Corsini
Maurice Brierre
Maurício Figueiras
Maverick Fortin
Max Brandt
Max Gill
Max Linder
Max Martini
Max Wagner
Maïwenn
Mckenna Grace
Meade 'Lux' Lewis
Meat Loaf
Megan Edwards
Mehari 'Bibi' Tesfamarian
Mel Lambert
Mel Powell
Melanie Wilder
Melie Chang
Melissa Barton Ryan
Melissa Prophet
Merril E. Joels
Mews Small
Micael
Michael 'Big Smooth' Frazier
Michael Arturo
Michael Badalucco
Michael Barron
Michael Berryman
Michael Buffer
Michael Burgess
Michael Butcher
Michael Byron
Michael Caine
Michael Calandrino
Michael Chapin
Michael Citriniti
Michael Clarke Duncan
Michael Conner Humphreys
Michael Elsworth
Michael Flannery
Michael Fowler
Michael Garvey
Michael Gilden
Michael Girardin
Michael Harvey
Michael Imperioli
Michael J. Fox
Michael Jace
Michael Jeter
Michael Keaton
Michael Kemmerling
Michael Lawrence
Michael Lightsey
Michael Mantas
Michael Mark
Michael Massee
Michael Mattison
Michael McFall
Michael McKay
Michael Mundra
Michael P. Jahoda
Michael Page
Michael Reid MacKay
Michael Rose
Michael Shamus Wiles
Michael Wehrhahn
Michael Zagst
Michaelangelo Graziano
Michel Gomes
Michel Montanary
Michele Gonçalves
Michelle Clunie
Michelle Evans
Mick O'Rourke
Mickey Lewis
Miguel Muñoz Segura
Mike Bennett
Mike Contessa
Mike Di Stasio
Mike Duncan
Mike Hinkle
Mike Jolly
Mike Lally
Mike Lindell
Mike Morelli
Mike Nyman
Mike Schaeffer
Mike Starr
Mike Stearne
Mike Tellegen
Mikey Black
Millie Brady
Milton Kibbee
Mimi Sarkisian
Ming Ho Kum
Mira McKinney
Miranda Otto
Miranda Plant
Miranda Rivers
Mohammed Rashid
Molly Shannon
Monica Peña
Monte Blue
Monty O'Grady
Monya Andre
Morgan Freeman
Morgan Hunter
Morgan Lund
Morgana King
Moroni Olsen
Murdock MacQuarrie
Mwako Cumbuka
Mykelti Williamson
Márcio Costa
Mário Luiz Costa Oliveira
Nadine Kay
Najah Bradley
Nancy Cassaro
Naomi Frenette
Nash Edgerton
Natalie Hendrix
Natalie Portman
Natalie Tjen
Nataliia Shadrina
Nathan Fillion
Nathan George
Nathan Lambert
Nathaniel Lees
Nazzareno Natale
Ndongo Faye
Ned Bellamy
Neil Armstrong
Neil Finnighan
Neil Giuntoli
Neil Riddaway
Neil Summers
Nellie Sciutto
Nelson Amaral
Nelson Franklin
Netta Packer
Nettie Rose Freed
Nick A Fisher
Nick Bartlett
Nick Brooks
Nick Shaid
Nick Vallelonga
Nico Parker
Nicolas Quilter
Nicole Burdette
Nigel Eaton
Nigel Harbach
Nigel Lowe
Nigel Whitmey
Nikki Admire
Nina Lauren
Nina Muschallik
Nino Bellini
Nino Ruggeri
Noel Appleby
Nolan Cook
Noof McEwan
Nooroa Poa
Nora Dunfee
Norm Bacchiocchi
Norma Varden
Norman Ainsley
Norman Alden
Norman Barbera
Norman Cates
Norman Forsey
O.K. Ford
Obba Babatundé
Obssa Ahmed
Olaf Hytten
Oldokh Ganbold
Olive Gray
Oliver Blake
Oliver Martin
Olivia Araújo
Olivia Tennet
Omar 'Mazinho' Barcelos
Orlando Bloom
Osmani Rodriguez
Otgonchimeg Chuluunzorig
Otto Amorim
Owen Black
Owen Masterson
Paddy Curran
Paddy Waters
Pamala Tyson
Paolo Figlia
Paolo Stoppa
Paris Devaney
Paris Howe Strewe
Paris Karounos
Paschal Friel
Pat Castle
Pat Flaherty
Pat Harmon
Pat McNamara
Patricia Clarkson
Patrick Brennan
Patrick Coppola
Patrick Gallagher
Paul Bartel
Paul Blackwell
Paul Bryson
Paul Calderon
Paul Carafotes
Paul Dillon
Paul Eckstein
Paul Garcia
Paul Giamatti
Paul Goddard
Paul Hanson
Paul Henreid
Paul Herman
Paul Hickey
Paul Holmes
Paul Irving
Paul Kennedy
Paul Lazar
Paul McCrane
Paul McGillicuddy
Paul McIsaac
Paul Mougey
Paul Norell
Paul Panzer
Paul Porcasi
Paul Raczkowski
Paul Riddell
Paul Sacks
Paul Shapcott
Paul Sorvino
Paul Woodadge
Paula DeMers
Paula Kcira
Paula Malcomson
Paulette Goddard
Paulie DiCocco
Paulo 'Jacaré' César
Paulo Lins
Peg Holzemer
Pete Auster
Pete Ploszek
Pete Postlethwaite
Peter Appel
Peter Bannon
Peter Brocco
Peter Brookes
Peter Cicale
Peter Corrigan
Peter Crafts
Peter Crombie
Peter Daube
Peter Dobson
Peter Fain
Peter Greene
Peter Hock
Peter Iacangelo
Peter Jackson
Peter Jae
Peter Justinius
Peter Lemongello
Peter Linari
Peter Lorre
Peter Lyon
Peter McKenzie
Peter Miles
Peter Onorati
Peter Rocca
Peter Soares
Peter Vizard
Peter Welch
Phellipe Haagensen
Phil Grieve
Phil Hawn
Phil LaMarr
Phil Zimmerman
Philip Centanni
Philip Morris
Philip Rosch
Philip Roth
Philip Suriano
Philips Nortey
Phillip Spencer Harris
Phillipe Simon
Phoebe Gittins
Pierre dos Santos
Piripi Waretini
Priscilla Montgomery
Quentin Tarantino
R. Lee Ermey
Rachel Clentworth
Rachel Flanagan
Rachel Singer
Rada Rassimov
Rafael Fontenele
Rafael Trujillo
Rafael de Castro
Rafael de Souza
Raffaella Leone
Raffaello Degruttola
Ragevan Vasan
Rai Tasco
Ralph Johnson
Ralph Regine
Ramon Francisco
Rana Morrison
Randall William Cook
Randolph Scott
Randy Feelgood
Randy Jurgensen
Randy Pearlstein
Raphaël Laporte
Ray Henwood
Ray Liotta
Ray Trickitt
Ray Walker
Ray Winstone
Raymond Martino
Razmig Arabian
Read Morgan
Rebecca Hall
Rebecca Klingler
Rebecca Love
Rebecca Saxon
Rebecca Williams
Reg E. Cathey
Reggie
Renan Monteiro
Renato Pinciroli
Renato de Souza
Rene Beard
Renee Blaine
Rhys Kirkman
Ria Zmitrowicz
Ricardo Lira
Ricardo Palacios
Ricardo Rocha da Silva
Rich Scholes
Rich Turner
Richard Alagich
Richard Alexander
Richard Bright
Richard Conte
Richard D'Alessandro
Richard Dioguardi
Richard Doone
Richard Fass
Richard Garaghty
Richard Goteri
Richard Hughes
Richard James-Clarke
Richard Knowles
Richard L. Duran
Richard Leeming
Richard Maybery
Richard Mullally
Richard Nixon
Richard Patrick
Richard Portnow
Richard Price
Richard Rossi
Richard Roundtree
Richard Ryen
Richard S. Castellano
Richard Schiff
Richard Zeringue
Richmond Arquette
Rick Petrucelli
Riley Brophy
Rita Hayworth
Rita McDonald Damper
Rizzo
Rob Adams
Rob Freeman
Rob Heanley
Rob Landry
Rob Lanza
Rob Reider
Robb Skyler
Robbie Magasiva
Robbie Titchener
Robbie Vinton
Robby Robinson
Robert 'Toshi' Kar Yuen Chan
Robert Catto
Robert Dahdah
Robert De Niro
Robert DeLapp
Robert Duvall
Robert F. Kennedy
Robert Haley
Robert Hossein
Robert J. Anderson
Robert Kazinsky
Robert Krantz
Robert LaSardo
Robert Malone
Robert McCaskill
Robert Myers
Robert Pollock
Robert Ruth
Robert Sedona
Robert Simper
Robert Spafford
Robert Taylor
Robert Thomason
Robert W. Castle
Robert Wahlberg
Robert Webber
Robert Young
Roberta Rodrigues
Roberto Miguez
Robia Scott
Robin Atkin Downes
Robin DeMarco
Robin Wright
Robson Rocha
Robyn Malcolm
Rocky Hernandez
Rodney Bane
Rodney Cook
Roger Corman
Rohn Thomas
Rolf Saxon
Roman Coppola
Romano Puppo
Román Ariznavarreta
Ron Blair
Ron Gilbert
Ron Kerkmeester
Ron Newell
Ron Vawter
Ron Veto
Ronald Longridge
Ronald Maccone
Ronald Reagan
Ronnie Ralph
Rosangela Rodrigues
Rosanna Arquette
Roshan Seth
Rosie Akerman
Rowan Witt
Ruairi O'Connor
Rubens Sabino
Ruby Gaynor
Rudy Bond
Rufus Flowers
Rune Temte
Russ Fega
Russ Isles
Russ Powell
Russ Wilson
Russell Halley
Ruy Vitório
Ryan Carey
Ryan Duncan
Ryan Hannaford
Ryan Hurst
Ryan Irving
Ryan Valmont
Ryan Wiseman
Rómulo 'Guinomo' Sech
S.Z. Sakall
Sabine Crossen
Sabrina Rosa
Sacha Lee
Sachi Parker
Sal Richards
Sala Baker
Sallie Toussaint
Sally Field
Salvatore Basile
Salvatore Corsitto
Sam Anderson
Sam Ash
Sam Comery
Sam Ellis
Sam Flint
Sam Kelly
Sam La Hood
Sam Rockwell
Sam Scudder
Sammy Stein
Samual Tate
Samuel E. Shore
Samuel L. Jackson
Samuel S. Hinds
Samy Naceri
Sandra Ellis Lafferty
Sandra Salvatori
Sandro Kopp
Sandro Scarchilli
Sandy Martin
Sarah Edwards
Sarah Fearon
Sarah Hernandez
Sarah McLeod
Sarah Reinhardt
Sarah Sayuri Hare
Sarah Thomas
Saro Urzì
Sasha Frolova
Saturno Cerra
Saul Zaentz
Scarlett Johansson
Scatman Crothers
Scotch Ellis Loring
Scott B. Morgan
Scott Glenn
Scott Haney
Scott Mann
Scott Oliver
Scotty Leavenworth
Seamus McQuade
Sean Astin
Sean Bean
Sean Button
Sean Freeland
Sebastian J. Brook
Semi Kuresa
Sergii Shadrin
Sergio Kato
Sergio Mendizábal
Seth Jerome Walker
Seu Jorge
Shana Carr
Shane Dawson
Shane Grove
Shane Hagan
Shane Johnson
Shane Rangi
Shaneel Sidal
Shann Johnson
Shannon Wilcox
Sharon Blynn
Sharon Litwinoff
Sharon Maxwell
Sharon Rooney
Shawn Fogarty
Shawn Michael Perry
Shay Duffin
Sheila Cavalette
Sheldon Leonard
Sid Troy
Silvana Bacci
Simon Connolly
Simon Pelletier-Gilbert
Simone Kiffany Jenkins
Simonetta Santaniello
Simonetta Stefanelli
Siobhan Fallon Hogan
Siosa Fonua
Smadar Hanson
Sofia Abbasi
Sofia Coppola
Sol Murgi
Sonia Maria Chirila
Sonny Grosso
Sonny Shroyer
Sonny Zito
Spartaco Conversi
Spencer Bradley
Spencer Chan
Stacey Alyse Cohen
Stacey Bradshaw
Stan Lee
Stanley Andrews
Stanley Blystone
Stanley Wong
Stefano Imparato
Stella Chestnut
Stella Keitel
Stephan Grothgar
Stephane Cornicard
Stephanie Hoyte
Stephanie Irwin
Stephen 'Cajun' Del Bagno
Stephen A. Chang
Stephen Baldwin
Stephen Boxer
Stephen Bridgewater
Stephen Hibbert
Stephen Samson
Stephen Ure
Sterling Hayden
Steve Baker
Steve Buscemi
Steve DeRelian
Steve Dodd
Steve Flynn
Steve Forleo
Steve Gonnelo
Steve Griffin
Steve Healey
Steve Lord
Steve Reinsfield
Steve Scarfo
Steve Wyatt
Steven Griffith
Stream
Stu Johnson
Stuart Blumberg
Stuart Daly
Stuart Rudin
Stuart Whelan
Suan-Li Ong
Summer Moore
Susan Griffiths
Susan Varon
Susan Ziegler
Suzanne Ridgway
Suzanne Shepherd
Suzi Stingl
Suzy Amis
Sy Sher
Sydney 'Big Dawg' Colston
Sydney Greenstreet
Sydney Lassick
Sérgio Bispo
Sérgio Chapelin
Tack Daniel
Taea Hartwell
Takumi Bando
Talia Shire
Tamara Brown
Tamara Luz Ronchese
Taylor Murphy
Ted Danson
Ted Hollis
Ted Levine
Ted Markland
Ted Monte
Ted Oliver
Tegra Little
Tere Livrano
Teresa Denton
Terry Serpico
Tex Cooper
The Hallelujah Singers of Beaufort South Carolina
Thiago Martins
Thiago Wallace
Thierry Maurio
Thom Gossom Jr.
Thomas B. Duffy
Thomas Delehanty
Thomas E. Camuti
Thomas Elliott
Thomas F. Wilson
Thomas Gizbert
Thomas Hewson
Thomas Lowry
Thomas McGinty
Thomas Mitchell
Thomas Robins
Thomas Williamson
Tiffany Salerno
Tilo Keiner
Tim Davis
Tim DeZarn
Tim Ingall
Tim Kano
Tim McLachlan
Tim Perry
Tim Robbins
Tim Roth
Tim Smith
Tim Southgate
Tim Wong
Timothy Bartlett
Timothy Lee
Timothy McNeil
Timothy Patrick
Timothy Record
Timothée Chalamet
Tin Welch
Tina Toner
Tiny Sandford
Tobin Bell
Todd Karns
Todd Peirce
Todd Terry
Todd Thompson
Tom Chatterton
Tom Coleman
Tom Dab
Tom Fadden
Tom Falzone
Tom Gaskin
Tom Gorman
Tom Hanks
Tom Kemp
Tom McCall
Tom Olson
Tom Robertson
Tom Rosqui
Tom Seekings
Tom Sizemore
Tom Tangen
Tom Willett
Tommy Barnes
Tommy Dallace
Tommy Hollis
Tommy Lafitte
Tommy Thomas
Tonic
Tony Conforti
Tony Darrow
Tony Di Mitri
Tony Ellis
Tony Giorgio
Tony King
Tony Lip
Tony M. Yee
Tony Martelli
Tony Pope
Tony Sauraye
Tony Sirico
Topher Grace
Torben Meyer
Toy Spears
Tracey Brennan
Tracey Paleo
Tracey Walter
Trevor Bennett
Trevor Walace
Trey Ore
Tristan Maxted
Tristan Whincup
Troy Christian
Troy Fyhn
Troy Powell
Trude Berliner
Trudi Goodman
Tudor Sherrard
Tullio Palmieri
Tulé Peak
Tybee Brascia
Tyler Long
Tyrone R. Livingston
USC Trojan Marching Band
Uma Thurman
Umberto Morsella
Ursula Holliday
Usman Akram
V.J. Foster
Valentine
Valerie Bickford
Valerie Colgan
Van Epperson
Van Quattro
Vanessa Roth
Venessia Valentino
Vera Farmiga
Veriano Ginesi
Vic Clay
Victor Burke
Victor Chan
Victor Colicchio
Victor Rendina
Victor Romito
Victor Warren
Victoria Beynon-Cole
Victoria Coburn
Viggo Mortensen
Vik Sahay
Viktorija Faith
Vin Diesel
Vincent Andriano
Vincent Bivona
Vincent Gallo
Vincent Pastore
Vincent Roxburgh
Vincent Schiavelli
Vincent Ventresca
Vincent Walsh
Ving Rhames
Vinicius Faria
Vinny O'Brien
Violet Gaynor
Virginia Coronado
Virginia Patton
Vito Antuofermo
Vito Balsamo
Vito D'Ambrosio
Vito Picone
Vito Scotti
Vivian Oparah
Víctor Israel
W. Benson Terry
Wagner Mello
Waldeck Roque
Wallace Araújo
Wallace Nascimento
Wallace Wong
Walter James
Walter Stocker
Walter Y.F. Wong
Wanderson 'Petão' Lopes
Ward Bond
Warren Green
Wayne Phillips
Welker White
Wellington Costa Ricardo
Wemerson Gonçalves
Wendel Barros
Wendie Jo Sperber
Wes Bentley
Wes Hall
Wilbur Mack
Wilfred Lucas
Will Hare
Will Rowlands
Will Sampson
Willi One Blood
William Conroy
William Davidson
William Devane
William Dickinson
William Duell
William Edmunds
William James Stiggers Jr.
William Johnson
William Lee
William Marsh
William Patrick Brown
William Redfield
William Sadler
William Severs
William Shipman
Winham Hammond
Winifred Harris
Wolfgang Zilzer
Woody Strode
Wyn Ritchie Evans
Xander Forterie
Yuri Krushewsky
Zach Grenier
Zach Hanner
Zachary Pauliks
Zak Holland
Zander James
Zee Asha
Zelda Rosset Colon
Zenaida Alcalde
Zhuang Zedong
Zlatko Buric
Zo Hartley
Zolzaya Batmunkh
Zoë Scott
Éder Júlio Martins
Ólafur Darri Ólafsson
