2209
Aaron Eckhart
Aaron K Smalls
Abdul Hassan Sharif
Abe Vigoda
Abigaille Ozrey
Abraham Reyes
Ada Nicodemou
Adam Brody
Adam Busch
Adam Cole
Adam Forrester
Adam Hart
Adam Kalesperis
Adam Masnyk
Adam Rodness
Adelle Lutz
Adriana Caselotti
Adryn White
Afemo Omilami
Affan Tareen
Agnieszka Grochowska
Aidan Daly
Aidan Feore
Akira Akbar
Al Bridge
Al Ernest Garcia
Al Hamacher
Al Marchesi
Al Pacino
Al Roberts
Alan Arkin
Alan Frazier
Alan Lee
Alan R. Kessler
Albert Tang
Alec Baldwin
Alekxia Valdez
Alessandro Garcia
Alex Coleman
Alex Dezen
Alex Lombard
Alex Morris
Alex Sol
Alexander Hathaway
Alexander Kane
Alexander Lu
Alexander Michael Helisek
Alexia Fairbrother
Alexis Arquette
Alexis Rose Coen
Alfie Allen
Alfonso Freeman
Alfred Hitchcock
Alfredo Romeo Suarez
Algenis Perez Soto
Ali Badshah
Alice Bonifacio
Alice Parkin
Alice Porter
Alisa Azpeitia
Alison O'Donnell
Alistair Browning
Alix Bushnell
Allan Poppleton
Allan Smith
Allen Keng
Allie Moss
Allie Sallee
Allison Brennan
Almira Sessions
Alonzo Brown
Alonzo F. Jones
Alvaro Laborin
Alyssa Brooke Levine
Alyssa Marie Stilwell
Alyssia Dujmovich
Amanda Lynch
Amanda Plummer
Amerigo Tot
Amerjit Deu
Amimul Rolly
Amir Abdalla
Amit Shah
Amy Seimetz
Ana Ayora
Anastasia Deace
Anatoli Akerman
Andee Grace Burton
Anderson Bourell
Andi Carnick
Andi Osho
Andre B. Blake
Andre Franco
Andre McCoy
Andrea Antonio Canal
Andrea Maugeri
Andres Austin Bennett
Andrew Aninsman
Andrew Bicknell
Andrew Borba
Andrew Breving
Andrew Constantini
Andrew Ellis
Andrew G. Ogleby
Andrew Hoagland
Andrew Hooper
Andrew Pleavin
Andy Luther
Andy Serkis
Angela Ashton
Angela Franklin
Angela Jones
Angela Nathenson
Angela Thompson
Angelica Lisk-Hann
Angelis Alexandris
Ani Sava
Anisa Nyell Johnson
Anjelica Huston
Anna Diop
Anne Hathaway
Anne Heche
Anne Lambton
Anne-Marie Olsen
Annette Bening
Annie Cook
Anthony Anderson
Anthony Estrella
Anthony Gritsyuk
Anthony Heald
Anthony Hopkins
Anthony Levatino
Anthony Lowery
Anthony Michael Hall
Anthony Molinari
Anthony Perkins
Anthony Ragland
Anthony Ray Parker
Antonia Clarke
Antonio David Lyons
April Warren
Arabella Neale
Archie
Archie Madekwe
Are Manea Karati
Argentina Brunetti
Aria Anthony
Aria Brooks
Ariana Guerra
Arin Logan
Ariunchimeg Enkhsaikhan
Ariyon Bakare
Armando Leduc
Armen Garo
Aron Eastwood
Arsène Jiroyan
Art Howard
Arthur Stuart Hull
Arthur Tovey
Arthur Wilde
Asher Angel
Ashley Bratcher
Ashley Mckoy
Ashley Shanea
Auden L. Ophuls
Audrey Landers
Audrie Neenan
Augie Davis
Aurore Clément
Autumn Munden
Ava Preston
Avery Brooks
Azari Akbar
Babou Ceesay
Bailey Beede
Bailey Drucker
Bailey Thain
Barbie Marie
Baron Jay
Barrie M. Osborne
Barry Curtis
Barry Pepper
Bart Hansard
Beatrice Rosen
Begona F. Martin
Belinda McClory
Bella Altamura
Ben Barrington
Ben Britton
Ben Crowe
Ben Fransham
Ben Key
Ben Matthew Saunders
Ben Mendelsohn
Benicio Del Toro
Benjamin 'Bendini' French
Benjamin Hardy
Benjamin Pitz
Benjamin Riley
Bennie Moore
Bern Collaço
Bernard Hill
Bernard Ledger
Bernardo Santos
Bert Howard
Bert Moorhouse
Bert Williams
Beth Belden
Beth Willetts
Bethany DeZelle
Bethany Levy
Betty Miller
Beulah Bondi
Beverly D'Angelo
Bill Armstrong
Bill Bolender
Bill Craddock
Bill Dalzell
Bill Gratton
Bill Ibrahim
Bill Irwin
Bill McKinney
Bill Miller
Bill R. Dean
Bill Young
Billy Bates
Billy Boyd
Billy Jackson
Billy Nelson
Billy Silvia
Billy Smith
Billy Zane
Binyam 'Bichu' Tesfamarian
Blayne Bennett
Bo Cleary
Bob Elmore
Bob Gunton
Bob Kaliebe
Bob O'Connor
Bob Pennetta
Bob Stephenson
Bobby Barber
Bonnie Hunt
Brad Blumenthal
Brad Dourif
Brad Pitt
Brad Spencer
Bradley Newcomer
Brandon Lambdin
Brenda Hillhouse
Brendan Burke
Brent Briscoe
Brent Hinkley
Brent McIntyre
Bret Jones
Brett Austin Johnson
Brian Brophy
Brian Delate
Brian Haley
Brian Kaulback
Brian Libby
Brian Smyj
Brian Tochi
Brick Sullivan
Brie Larson
Brittany Nicole
Brody Rose
Bronagh Gallagher
Bronson Webb
Brooke Smith
Brooks Benedict
Brooks Ryan
Brooksey Souders
Bruce Allen Dawson
Bruce Allpress
Bruce Holman
Bruce Hopkins
Bruce McGill
Bruce Mitchell
Bruce Phillips
Bruce Spielbauer
Bruce Willis
Bruno Kirby
Bryan Stamp
Bryan Whorton
Bryce Arden Poe
Bryn Davis
Buck Houghton
Buddy Dolan
Buddy Messinger
Buppha Witt
Burr Steers
Buster Reeves
Buz Buckley
Buzz Kilman
C. Neil Davenport
Caillou Pettis
Caitlin Mehner
Cali Sheldon
Callie Presniak
Callie Rose Deets
Callum Forman
Calum Gittins
Calvin Chen
Cameron Lemon
Campbell Rousselle
Carl 'Alfalfa' Switzer
Carl Allen
Carl Bressler
Carl Ciarfalio
Carl Eric Hansen
Carl Gilliard
Carl J. Matusovich
Carl Kent
Carmelo Russo
Carmen Argenziano
Carmine Caridi
Carmine Foresta
Carol Been
Carol Coombs
Caroline Palmer
Carrie-Anne Moss
Carson Holmes
Carson MacCormac
Carson Manning
Cary Wong
Casey Affleck
Casey Siemaszko
Cash Adams
Cassandra Ebner
Castulo Guerra
Cate Blanchett
Cecil M. Henry
Cecil Reynolds
Cecilia Leal
Cedric Stevens
Chad Randau
Chance Kelly
Chandler Lindauer
Chanel Young
Chanté Bowser
Charles A. Black
Charles C. Wilson
Charles Chaplin
Charles Day
Charles Halton
Charles Jarman
Charles Jarrell
Charles L. Campbell
Charles Lane
Charles Meakin
Charles Napier
Charles Orr
Charles Query
Charles Sullivan
Charles Venn
Charles Williams
Charlie Dell
Charlie Kearns
Charlie Kierscht
Charlie Mayhew
Charlotte Worwood
Chazz Palminteri
Chelsea Rae Barton
Chemika Bennett-Heath
Cherish Lee
Chester Conklin
Chin Han
Chirame Shapra
Chloé Booyens
Chris Cavalier
Chris Chinn
Chris D. Thomas
Chris Ecob
Chris Evans
Chris Fischer
Chris Hastings
Chris Isaak
Chris McGinn
Chris Pattinson
Chris Petschler
Chris Rogers
Chris Wilson
Christian Bale
Christian Wolf-La'Moy
Christie Cronenweth
Christina Cabot
Christine Estabrook
Christophe Gautier
Christopher Greenwood
Christopher Joel Ives
Christopher John Fields
Christopher Lee
Christopher Lloyd
Christopher Masterson
Christopher McQuarrie
Christopher Morris
Christopher Page
Christopher Pastenes
Christopher Walken
Chuck Aber
Chuck Brauchler
Chuck Hamilton
Chuck Laws
Chuen Tsou
Chuku Modu
Cici Leah Campbell
Cie Allman
Cillian Murphy
Claire Forlani
Claire Geare
Claire Slemmer
Clancy Brown
Clara Rugaard
Clark Gregg
Claudia Wells
Cliff Saunders
Clifford Gay
Clint Elvy
Clive Brunt
Cole Sprouse
Coley Campany
Colin Farrell
Colin Ford
Colin McFarlane
Colin Smith
Collette Wolfe
Connor Ryan
Connor Scott Frank
Conor Donovan
Constance St-Denis-Veilleux
Constantine Romanoff
Cooper Andrews
Coralie Dedykere
Cornell Wallace
Courtney Gains
Craig Braginsky
Craig Castaldo
Craig Heaney
Craig Henry
Craig McKinnon
Craig Parker
Craig Thomas Lambert
Craig Warnock
Cranston Johnson
Crispin Glover
Cristen Kauffman
Crystal Lisbon
Crystal Michelle Blake
Crystal Ringer
Curtis Gammage
Cy Schindell
Cyndy Day
Cynthia Ettinger
Cynthia Evans
D'Janine King-Lasky
D. Stanton Miranda
D.J. Cotrona
Dabbs Greer
Daisy Lowe
Dale Rivera
Damir Andrei
Damon O'Daniel
Dan Butler
Dan Evashevski
Dan Gossen
Dan Hedaya
Dan Hennah
Dan Latham
Dan Skene
Dana Reznik
Dana Snyder
Dani Dyer
Daniel Andrews
Daniel Beiser-Hunt
Daniel D. Harris
Daniel F. Risteen Jr.
Daniel Falconer
Daniel Girondeaud
Daniel GonÇalves
Daniel Jefferson
Daniel Schenmetzler
Daniel Westwood
Daniel von Bargen
Danielle Day
Danny Aiello
Danny Darst
Danny DeVito
Danny Dyer
Danny Goldring
Danny Mummert
Danny Peled
Danso Gordon
Darin De Paul
Darla
Darrel Cherney
Darrell Britt
Darren Elliot Fulsher
Darryl Wooten
Daryl Satcher
Davey Hughes
David Ajala
David Andrews
David Aston
David Basulto
David Boston
David Conley
David Cosey
David Dastmalchian
David E. Browning
David Early
David F. Sandberg
David Fischer
David Fultz
David Gatward Ferguson
David Gregg
David Gyasi
David Harold Brown
David Hecht
David J. MacNeil
David Jean Thomas
David Kohlsmith
David Lee Smith
David Lesley
David M Sandoval Jr.
David Morse
David O'Connor
David O'Hara
David Oyelowo
David Plunkett
David Powledge
David Proval
David Thomas Coulter
David W. Butler
David Wenham
David William James Elliott
Dawntavia Bullard
Dean Morganty
Dean R. Brooks
Debbi Burns
Debi Wollitzer
Deborah Carlson
Deborah Harmon
Deborah Lynn
Deborah Tennant
Dee Croxton
Deirdre Fitzpatrick
Delos V. Smith Jr.
Demi Castro
Denece Ryland
Deni Gordon
Denis Bellocq
Denise Meyer Kennell
Denney Pierce
Dennis Baker
Dennis Lynch
Deobia Oparei
Derek McEntire
Desiree April Connolly
Devan Richardson
Devito Parker Jr.
Diana Toshiko
Diane Baker
Diane Keaton
Dianne Smith
Dick Cherney
Dick Elliott
Dick Gordon
Didier Legros
Dierdre Downing-Jackson
Diezel Ramos
Dileep Rao
Dion Anderson
Dion Baia
Djimon Hounsou
Dolan Wilson
Dominic Chianese
Dominic Monaghan
Don Blakely
Don Brockett
Don Cheadle
Don Creech
Don Kress
Don Langley
Don Langridge
Don McManus
Don Pravda
Don Ross
Donald Fullilove
Donald K. Overstreet
Donald Zinn
Donna Reed
Donna Wong
Donovan Leitch Jr.
Dora Tate
Dorothy Anne Bonner
Dorothy Lyman
Dorothy Silver
Doug Ballard
Doug Hutchison
Douglas Bunn
Douglas Crosby
Douglas Reith
Dra McKay
Duane Henry
Duane Whitaker
Duke Nicholson
Dustin Ybarra
Dwight Marfield
Dwight Sora
E.G. Marshall
Earl Cameron
Ed Begley
Ed Cuffe
Ed Ventresca
Edd Osmond
Eddie Fetherston
Eddie Hargitay
Eddie Kane
Eddy Rome
Edison Chen
Edna Garcia
Edrie Warner
Edward Binns
Edward Clark
Edward Furlong
Edward Keane
Edward Kimball
Edward Kowalczyk
Edward LeSaint
Edward Norton
Edward Saxon
Edward Van Sickle
Effie Laird
Eion Bailey
Elda Maida
Eleanor Ham
Eleanor Witt
Elena Zacharia
Eli Martyr
Elijah Wood
Elisa Schleef
Elisabeth Moss
Elizabeth Berrington
Elizabeth Dings
Elizabeth Omilami
Elizabeth Regen
Elizabeth Thorp
Ella Augustin
Elle Fanning
Ellen Burstyn
Ellen Corby
Ellen Greene
Ellen Page
Ellie Fransch
Elliott Gould
Elsa Raven
Elyes Gabel
Emil Sitka
Emily Baldoni
Emily Lineham
Emily Nixon
Emily Ozrey
Emily Tebbutt
Emma Elle Roberts
Emma Tillinger Koskoff
Eric Bruno Borgman
Eric Challier
Eric Clark
Eric Roberts
Eric Stoltz
Erica Yohn
Erick Hayden
Erik Hellman
Ernest Pierce
Ernie Adams
Errol Francis
Erron Jay
Essa Zahir
Ethan Pugiotto
Ethan Suplee
Ethel Sway
Eugene C. DePasquale
Eugenie Bondurant
Eva Green
Evan Alex
Evan Marsh
Evan Mirand
Evangeline Hill
Evanne Drucker
Eve Brent
Evelyn Moriarty
Ezio Flagello
Ezra Buzzington
Fabiano Altamura
Fabrice Calmels
Fairuza Balk
Faithe Herman
Fay Spain
Felix Scott
Filomena Spagnuolo
Finley Hobbins
Fiona Johnson
Fletcher Allen
Flora Nolan
Frances Lee McCain
Francesca De Sapio
Francesca Scorsese
Francis De Sales
Francis Mountjoy
Francis P. Hughes
Francis X. McCarthy
Frank Albertson
Frank Bourke
Frank Edwards
Frank Faylen
Frank Fenton
Frank Goldingham
Frank Hagney
Frank Killmond
Frank Mallicoat
Frank Mancuso
Frank Medrano
Frank Moran
Frank O'Connor
Frank Schorpion
Frank Seals Jr.
Frank Senger
Frank Sivero
Frank Whaley
Frankie Faison
Franklin Parker
François-Marie Nivon
Frazer Anderson
Fred Astaire
Fred Bobbitt
Fred Culbertson
Fred Fischer
Fred Malatesta
Fred Scheiwiller
Fred Tatasciore
G.D. Spradlin
Gabriel Byrne
Gabriella Belloni
Gaige Chaturantabut
Gail Yudain
Gareth Jensen
Gareth Reeves
Garry Owen
Garth Shaw
Garvin Cross
Gary Goetzman
Gary Imhoff
Gary Jones
Gary Kurtz
Gary Lee Davis
Gary Oldman
Gary Riley
Gary Ryder
Gary Shorelle
Gary Sinise
Gary Weeks
Gastone Moschin
Gemma Chan
Gene Borkan
Gene Fojtik
Gene Lythgow
Geoff Allen
Geoffrey Bateman
George 'Buck' Flower
George 'Red' Schwartz
George A. Romero
George DiCenzo
George Dockstader
George Eldredge
George Gjiggy Francis
George Holmes
George Jovanovic
George Maguire
George Martin
George Michael
George Noisom
George Simmons
George Voskovec
Georgie Nokes
Georgie-May Tearle
Gerard Jamroz
Gertrude Mosley
Giancarlo Esposito
Gianni Russo
Gil Bellows
Gil De St. Jeor
Gilbert Glenn Brown
Gilles Kleber
Gina Scoles
Ginger Rogers
Giuseppe Andrews
Giuseppe Sillato
Glendon Rich
Gloria DeHaven
Gloria Delson
Gloria Foster
Gloria Franks
Gloria Grahame
Glyn Angell
Gonzo
Gordon Greene
Govinda
Gower Mills
Grace Fulton
Grace Sinden
Graham Greene
Grahame Edwards
Granville 'Danny' Young
Greg Beam
Greg Bronson
Greg Canestrari
Greg Lane
Greg Peterson
Greg Schweiner
Greg Tozer
Gregory Silva
Griffen Fraser
Gurdeep Singh
Guy Iannacone
Guy Torry
Gökhan Öncel
H.B. Warner
Haley Lu Richardson
Hank Mann
Hank Robinson
Hannah Bamberg
Hannah Banks
Hannah Connery
Hannah Gunn
Hannah Stokely
Hannah Wood
Hans Cozzens
Hans Moebus
Harold E. Cope Jr.
Harold Landon
Harper Flaherty
Harper Gunn
Harriet L. Ophuls
Harrison Ressler
Harry Cheshire
Harry Dean Stanton
Harry Denny
Harry Holman
Harry Lawrence
Harry Northup
Harry Taylor
Harry Waters Jr.
Harry Wilson
Harvey Keitel
Hazel Gorin
Heath Ledger
Heather Capuano
Heather Rome
Heinie Conklin
Helen Dickson
Helen Wallace
Helena Bonham Carter
Helena Cullinan
Helene Maksoud
Henrihs Ahmadejevs
Henry Bergman
Henry Fonda
Henry Kwan
Henry Laun
Henry Milton Chu
Henry Mortensen
Henry Travers
Henry Yuk
Herbert Heywood
Herschel Graham
Hervé Husson
Holt McCallany
Hope Leigh
Huey Lewis
Hugh O'Brien
Hugh Peddy
Hugo Lavoie
Hugo Weaving
Hélène Cardona
Ian Chen
Ian McKellen
Ian Pirie
Ian Porter
Ignazio Pappalardo
Ilan O'Driscoll
Ines Feghouli Bozon
Iran Singh
Irene Mack
Isaac Tillman
Italia Coppola
Ivonne Coll
Ivy Bethune
Ivy Dubreuil
J. Farrell MacDonald
J.C. MacKenzie
J.C. Nugent
J.J. Cohen
J.R. Martino
J.T. Pontino
JD
Jack Bailey
Jack Berle
Jack Cheatham
Jack Donoghue
Jack Dylan Grazer
Jack Gilroy
Jack Gordon
Jack Klugman
Jack Lomas
Jack Low
Jack McCullough
Jack Montague
Jack Murray
Jack Nicholson
Jack Shearer
Jack Warden
Jackson Kai
Jackson Reid
Jacob Dance
Jacob Evans
Jacob Figueroa
Jacob Lemieux
Jager
Jaime H. Campos
Jaime Lawrence
James B. Howard
James Babson
James Badge Dale
James Burns
James C. Morton
James Caan
James Cobb
James Cromwell
James Fahrner
James Farruggio
James Fierro
James Gounaris
James Hatten
James Kelly
James Kisicki
James Marshall Wolchok
James Melissinos
James Mellor
James Michael Farrell
James Morrison
James Murdock
James P. Anderson
James Scales
James Stewart
James Thomas Scott
James Tolkan
James V. Shore
James Warfield
James Whitmore
Jamie Abbott
Jan Seybold
Jana Posna
Janaya Pender
Janet Leigh
January Stern
Jared Leto
Jared Lotz
Jared Sawyer Jr.
Jared Stovall
Jarl Benzon
Jarret LeMaster
Jasmine Bolton
Jason Bose Smith
Jason Clarke
Jason Frederick
Jason Fuller
Jason Hervey
Jason Hood
Jason Marin
Jason Menz
Jason Shillingford
Jason Tendell
Jawara
Jay Arthur
Jay Giannone
Jay Rasumny
Jean Acker
Jean Gale
Jean Reno
Jean-Christophe Leger
Jean-Hugues Anglade
Jean-Michel Dagory
Jeanette Branch
Jeanette Nolan
Jeanine Ann Roose
Jed Brophy
Jeff Albertson
Jeff Hephner
Jeff McBride
Jeff O'Haco
Jeff Sanca
Jeffrey Corazzini
Jeffrey DeMunn
Jeffrey Kimble
Jeffrey Mowery
Jeffrey Winter
Jeffrie Lane
Jennie Ella
Jennifer Knox
Jennifer Lien
Jennifer Sears
Jeremy Ball
Jeremy Daniel Madden
Jeremy Sciascia
Jeremy Sweet
Jernard Burks
Jerome Patrick Hoban
Jesse Bond
Jessica Barker-Wren
Jessica Bean
Jessica Chastain
Jessica Doyle
Jessica Miesel
Jessica Rubinstein
Jessie Keosian
Jessie Vinning
Jeté Laurence
Jewels Good
Jhaleil Swaby
Jill Brown
Jill Jane Clements
Jill Maddrell
Jillian Rees-Brown
Jim Dratfield
Jim Evans
Jim Ford
Jim Gleason
Jim Jenkins
Jim Norton
Jim Pagiamtzis
Jim Roche
Jim Templar
Jimmy Hawkins
Jimmy Star
Jimmy the Crow
Jo Osmond
Joakim Skarli
Jodie Foster
Jodiviah Stepp
Joe Cortese
Joe De Nicola
Joe Knopp
Joe Lavender
Joe Lo Grippo
Joe Pantoliano
Joe Pecoraro
Joe Spinell
Joel Bissonnette
Joel Wasserman
Joey Courteau
Joey Thurmond
John Anderson
John Aprea
John Bach
John Cazale
John Ceallach
John Cenatiempo
John Collier
John D. Craig
John E. Summers
John Embry
John Farrer
John Fiedler
John Franchi
John Gallagher Jr.
John Gavin
John Gettier
John Gillespie
John Glover
John Hall
John Horton
John Hoving
John Indrisano
John Lawson
John Leigh
John Lithgow
John Locke
John McConnell
John McCook
John McIntire
John Megna
John Noble
John Polce
John R. Woodward
John Rand
John Rhys-Davies
John Rue
John Savoca
John Snowden
John Stead
John Thurner
John Travolta
John Turk
John W. Iwanonkiw
John Warman
John Wayland Somers
John Wraight
Johnathan Geare
Johnathan Gorman
Johnny Cicco
Johnny Green
Johnny Limo
Johnny Naranjo
Johnny Otto
Johnny Vaughan
Jon Horstman
Jon Lee Brody
Jonathan Clifford
Jonathan Fowler Jr.
Jonathan Harding
Jonathan Macchi
Jonathan Ryland
Jono Manks
Joon Kim
Jordan Marder
Jordan Puckett
Jordan Stephens
Jordan Stone
Jordon Hodges
Jorge Espadas
Josef Davies
Joseph Arkley
Joseph Della Sorte
Joseph E. Bernard
Joseph Gatt
Joseph Gordon-Levitt
Joseph Granby
Joseph Lazicki
Joseph Luis Caballero
Joseph Macnab
Joseph Malerba
Joseph Mazurk
Joseph Medaglia
Joseph Mika-Hunt
Joseph Nelson
Joseph Oliveira
Joseph P. Reidy
Joseph Pierre
Joseph Pilato
Joseph Ragno
Joseph Riccobene
Joseph Sweeney
Joseph Zamparelli
Josh Broder
Josh Chapman
Josh Stewart
Joshua Harto
Joshua Rollins
Josip Elic
Jovan Armand
Joy Johnson Coleman
Joy Thayer
Juana Sutton
Jude Ciccolella
Jude Law
Judith Woodbury
Judy Herrera
Julia Sweeney
Julian Arahanga
Julian Flynn
Julian Kershaw
Julian Voloshin
Julie Eagleton
Julie Gregg
Julie Wilkinson
Junior Almeida
Junior John Levis
Justin Mullins
Jørn Benzon
K. Todd Freeman
K.G. Skip Weiss
Kaiser Johnson
Kaleb Williams
Kameron Kierce
Kamil Lemieszewski
Kara Hayward
Karen Maruyama
Karen Petrasek
Karl Urban
Karlos Drinkwater
Karolyn Grimes
Karyn Jansen
Kasi Lemmons
Kate Bentley
Kate Castle
Katelyn Leavenworth
Katherine Britton
Kathleen Beller
Kathryn Janssen
Kathy Griffin
Katie Jackson
Katie O'Dell
Kay Lee
Keanu Reeves
Keianna Nutley
Keisha T. Fraser
Keith A. Glascoe
Keith Kupferer
Keith Lomas
Keith Odett
Keith S. Bullock
Keith Szarabajka
Kelley Kerr Young
Kelli Clevenger
Kelly Corbishley
Kelly Lee
Kelly Saindon
Kelly Sue DeConnick
Ken Bahn
Ken Byrd
Ken Daly
Ken Kenny
Ken Knight
Ken Koc
Ken Magee
Ken Mohabir
Ken Stratton
Ken Watanabe
Kendall Ryan Sanders
Kenneth G. Yong
Kenneth Mitchell
Kenneth Stoddard
Kenneth Utt
Kent Broadhurst
Keram Malicki-Sánchez
Kerri Kamara
Kester Fordham
Kevan Weber
Kevin Corrigan
Kevin Iannucci
Kevin M. Kelly
Kevin P. McCarthy
Kevin Pitcairn
Kevin Pollak
Kevin Scott Mack
Kevin Spacey
Kevin Zaideman
Kiante Elam
Kim Allen
Kimberly Hebert Gregory
Kimberly Shires
Kit Carson
Kraig Thornber
Kris Vallotton
Krista McEnany
Kristen Dalton
Kristian Van der Heyden
Kristopher Perez
Krystal Kiran
KyLynn Sanders
Kyle Crawford
Laine Edwards
Lamont Arnold
Lan Fendors
Lance Louez
Landon Doak
Lane Chandler
Lani Jackson
Lanny Lutz
Larry Brandenburg
Larry Guardino
Larry Mitchell
Larry Simms
Larry Wheat
Lars Eidinger
Lashana Lynch
Lashawn Williams
Lateef Lovejoy
Laura Chernicky
Laura Hunt
Laura Lovelace
Laura Lyons
Laura Vivio
Lauren Jenkins
Lauren Roselli
Lauren Sanchez
Laurence Fishburne
Lavender
Lawrence A. Bonney
Lawrence Bender
Lawrence Cameron Steele
Lawrence T. Wrentz
Lawrence Woodward
Lea Thompson
Leah Cairns
Leah R. Powell
Leandro Omuri
Lee Brownfield
Lee Frederick
Lee Hartley
Lee J. Cobb
Lee Kass
Lee Pace
Lee Strasberg
Leib Lensky
Lena Georgas
Leo
Leonard Termo
Leonardo DiCaprio
Leopoldo Trieste
Letecia Reeder
Leticia LaBelle
Lew Davis
Lexston Bearss
Lezl Gonzales
Liam Bewley
Libby Pedersen
Lila Rose
Lillian O'Malley
Lillian Randolph
Lina Zalewski
Linda E. Smith
Linda Gray
Linda Kaye
Lindsey Moser
Lionel Barrymore
Lisa Codrington
Lisa Freeman
Lisa Greene
Lisa McAllister
Lisa Reynolds
Lisa Truong
Lisa Wolf
Liv Tyler
Livio Giorgi
Liz Hewson
Lloyd Ingraham
Lloyd L. Tolbert
Lon Gowan
London Fuller
London Kim
Lorea Solabarrieta
Lorelei Leslie
Lori Pizzo
Lorna Gayle
Lorre Fritchy
Lotta Losten
Lou Beatty Jr.
Lou Lou Safran
Louis E. Rosas
Louis Lombardi
Louis Natheaux
Louis Ortiz
Louisa Moritz
Louise Fletcher
Lovina Yavari
Luc Bernard
Lucas Lavoie
Lucie Carroll
Lucius Baston
Lucius Wyatt Cherokee
Lucky Harmon
Lucy DeVito
Lukas Haas
Luke Burnyeat
Luke Gallo
Luke Quinton
Lupita Nyong'o
Lurene Tuttle
Lyman Chen
Lynette Jenkins
Lynn O'Leary-Jameson
Lyonetta Flowers
Mack Miles
Mackenzie Foy
Mackenzie Hawe
Maddison Blows
Madison Curry
Maggie Gyllenhaal
Magnus Nolan
Maia Brewton
Malerie Grady
Mana Hira Davis
Manuel Rodriguez-Saenz
Marc Aden Gray
Marc Andréoni
Marc Cinquanta
Marc Esse
Marc McClure
Marc Raducci
Marc Radz
Marcio Rosario
Marcus Chong
Marcus Everett
Marcus Thorne
Marcy Conway
Marguerite Gioia Insolia
Maria Carta
Maria Herrera
Maria Skorobogatov
Maria de Medeiros
Marian Carr
Marianna Hill
Marilyn Brett
Mario Cotone
Mario Todisco
Marion Cotillard
Marisol Giraud
Maritza Cabrera
Marius De Vries
Marjo Nantel
Mark Daugherty
Mark Falvo
Mark Fite
Mark Fleischmann
Mark Hemphill
Mark Keiser
Mark Philip Patrick
Mark Reader
Mark Roberts
Mark Rolston
Mark Ruffalo
Mark Stobbart
Mark Strong
Mark Swanson
Mark Wahlberg
Markus Redmond
Marlon Sanders
Marta Milans
Martin Ballantyne
Martin Balsam
Martin Feigen
Martin Roach
Martin Sheen
Mary Bayless
Mary Klug
Mary Montoya
Mary Treen
Mason Pike
Matt Cho
Matt Cinquanta
Matt Damon
Matt De Matt
Matt Doran
Matt Jennings
Matt Rippy
Matt Shallenberger
Matt Truman
Matt Winston
Matthew 'Spider' Kimmel
Matthew Bellows
Matthew Binkley
Matthew Castle
Matthew Cox
Matthew David McCarthy
Matthew Leitch
Matthew Maher
Matthew McConaughey
Matthew O'Neill
Matthew Saville
Matthew W. Allen
Maura Corsini
Maverick Fortin
Max Gill
Max Wagner
Maximillian Kesmodel
Maxwell Baldoni
Maxwell Highsmith
Maïwenn
McKenzie Applegate
Mckenna Grace
Meade 'Lux' Lewis
Meagan Good
Meat Loaf
Mehari 'Bibi' Tesfamarian
Mel Lambert
Mel Powell
Melanie Wilder
Melinda McGraw
Mews Small
Michael 'Big Smooth' Frazier
Michael Andrew Gorman
Michael Arturo
Michael August
Michael Badalucco
Michael Barron
Michael Berryman
Michael Buffer
Michael Butcher
Michael Byron
Michael Caine
Michael Chapin
Michael Clarke Duncan
Michael Corey Foster
Michael Fowler
Michael G. Plumides Jr.
Michael Gaston
Michael Gilden
Michael Girardin
Michael H. Cole
Michael Hyland Cole
Michael J. Fox
Michael Jai White
Michael Jeter
Michael Keaton
Michael Kuster
Michael Lawrence
Michael Lightsey
Michael McKay
Michael McQuillan
Michael Mundra
Michael Page
Michael Shamus Wiles
Michael Sherwin
Michael Stoyanov
Michael Towns
Michael V. Gazzo
Michael Vieau
Michael Wehrhahn
Michael Xavier
Michael Zagst
Michel Montanary
Michele Garren
Michelle Borth
Michelle Christine White
Michelle Clunie
Michelle Shields
Mick O'Rourke
Mickey Lewis
Miguel Muñoz Segura
Mike Bach
Mike Bennett
Mike Di Stasio
Mike Duncan
Mike Lally
Mike Lindell
Mike Nyman
Mike Schaeffer
Mike Whyte
Millie Brady
Milton Kibbee
Milton Saul
Mimi Sarkisian
Ming Ho Kum
Mira McKinney
Miranda Nolan
Miranda Otto
Miranda Rivers
Misha Rasaiah
Mitra Suri
Mobin Khan
Mohammed Rashid
Moises Arias
Monica Peña
Monique Gabriela Curnen
Monya Andre
Morgan Brown
Morgan Freeman
Morgan Hunter
Morgan Lund
Morgan Mackey
Morgana King
Moroni Olsen
Mort Mills
Murdock MacQuarrie
Mwako Cumbuka
Nadej K. Bailey
Nadine Roden
Najah Bradley
Najah Jackson
Nancy Crane
Naomi Frenette
Napiera Groves
Nash Edgerton
Natalia Safran
Natalie Goldwin
Natalie Hallam
Natalie Portman
Natalie Tjen
Nataliia Shadrina
Natasha Beaumont
Nathan Gamble
Nathan George
Nathan Harrington
Nathan Lambert
Nathaniel Lees
Ndongo Faye
Ned Bellamy
Ned Vaughn
Neil Giuntoli
Neil Morrill
Neil Riddaway
Neil Summers
Nellie Sciutto
Nelson Franklin
Nestor Carbonell
Netta Packer
Nettie Rose Freed
Nicholas Logan
Nicholas R. Oleson
Nick Bartlett
Nick Discenza
Nick Searcy
Nick Stevens
Nicky Katt
Nico Parker
Nicolas Clerc
Nicolas Quilter
Nicole Huynh
Nicole Pulliam
Nigel Carrington
Nigel Eaton
Nigel Harbach
Nigel Lowe
Nigel Miguel
Nikki Admire
Nina Lauren
Nneka Elliott
Noelle Lynn
Noelle Sheldon
Noof McEwan
Nooroa Poa
Norman Ainsley
Norman Alden
Norman Saleet
Nydia Rodriguez Terracina
Obba Babatundé
Obssa Ahmed
Oldokh Ganbold
Olive Gray
Oliver Martin
Olivia Tennet
Olumiji Olawumi
Oreste Baldini
Orlando Bloom
Osmani Rodriguez
Otgonchimeg Chuluunzorig
Owen Black
Owen Masterson
Paddy Curran
Paddy Waters
Paloma Nuñez
Pamela Matthews
Paris Devaney
Paris Howe Strewe
Paris Karounos
Parminder Nagra
Pat Castle
Pat Flaherty
Pat Harmon
Pat McCaffrie
Pat McNamara
Patricia Clarkson
Patricia Hitchcock
Patrick Brennan
Patrick Clear
Patrick Coppola
Patrick Gallagher
Patrick Leahy
Paul B. Brown
Paul Bartel
Paul Bateman
Paul Birchard
Paul Blackwell
Paul Braunstein
Paul Calderon
Paul Carafotes
Paul Dillon
Paul E. Short
Paul Goddard
Paul Hanson
Paul Holmes
Paul Hopkins
Paul Jasmin
Paul Kennedy
Paul Lazar
Paul Le Mat
Paul McCrane
Paul McGillicuddy
Paul Norell
Paul Riddell
Paula DeMers
Paula Malcomson
Paulette Goddard
Pearl Ho
Peg Holzemer
Pek Pongpaet
Perla Middleton
Pete Ploszek
Pete Postlethwaite
Peter Appel
Peter Basham
Peter Brocco
Peter Brooke
Peter Brookes
Peter Crafts
Peter DeFaria
Peter Donat
Peter Greene
Peter Iacangelo
Peter Jackson
Peter Jae
Peter Justinius
Peter LaCorte
Peter Linari
Peter Rnic
Peter Rocca
Peter Vizard
Peter Welch
Phil Feldman
Phil Grieve
Phil Hawn
Phil LaMarr
Phil Zimmerman
Philip Bulcock
Philip Centanni
Philip Morris
Philip Rosch
Philip Roth
Philips Nortey
Phillip Mullings Jr.
Phillip Spencer Harris
Phillipe Simon
Piripi Waretini
Priscilla Montgomery
Prudence Beers
Quentin Tarantino
R. Michael Egan
Rachel Bagley
Rachel Boyd
Rachel Daugherty
Rachel Singer
Rae Jordan
Rae Olivier
Ragevan Vasan
Rai Tasco
Ralph Johnson
Ralph Regine
Ramses Jimenez
Rana Morrison
Randolph Scott
Randy Feelgood
Randy Pearlstein
Raphaël Laporte
Ray Trickitt
Ray Walker
Ray Winstone
Razmig Arabian
Read Morgan
Rebecca Chulew
Rebecca Hall
Rebecca Klingler
Rebecca Love
Rebecca Saxon
Reese Foster
Reggie
Rene Beard
Renee Blaine
Rhoda Griffis
Rhys Kirkman
Ria Zmitrowicz
Rich Scholes
Rich Turner
Richard Alexander
Richard Bright
Richard Dillane
Richard Divizio
Richard Doone
Richard Garaghty
Richard Hughes
Richard James-Clarke
Richard Knowles
Richard L. Duran
Richard Leeming
Richard Matheson
Richard Noyce
Richard Patrick
Richard Price
Richard Rossi
Richard Strobel
Richard Watson
Richard Zeringue
Richmond Arquette
Riley Brophy
Rita Hayworth
Rita McDonald Damper
Ritchie Coster
Rizzo
Rob Clark
Rob Heanley
Rob Lanza
Rob Reider
Robbie Magasiva
Robbie Titchener
Robby Robinson
Robert 'Duckie' Carpenter
Robert 'Toshi' Kar Yuen Chan
Robert Catto
Robert De Niro
Robert DeLapp
Robert Duvall
Robert Grondski
Robert Haley
Robert Harvey
Robert J. Anderson
Robert Kazinsky
Robert Krantz
Robert LaSardo
Robert Malone
Robert Myers
Robert Osborne
Robert Patrick Stern
Robert Pollock
Robert Ruth
Robert Simper
Robert Stone
Robert Taylor
Robert Thomason
Robert W. Castle
Robert Wahlberg
Robert Webber
Robert Young
Robia Scott
Robin DeMarco
Robyn Malcolm
Rocky Hernandez
Rodney Cook
Roger Corman
Roger Monk
Rohn Thomas
Roman Coppola
Ron Dean
Ron Gilbert
Ron Kerkmeester
Ron Newell
Ron Vawter
Ronan Summers
Ronnie Ralph
Rory Plante
Rosanna Arquette
Roshan Seth
Rosie Akerman
Ross Butler
Rowan Beiser-Hunt
Rowan Witt
Ruairi O'Connor
Rudy Bond
Rufus Flowers
Rune Temte
Russ Fega
Russ Powell
Ryan Carey
Ryan Dinning
Ryan Handley
Ryan Hannaford
Ryan Hayward
Ryan Irving
Ryan Kross
Ryan McGonagle
Ryan Valmont
Ryan Wiseman
Sachi Parker
Sal Ozbay
Sala Baker
Sallie Toussaint
Salvatore Po
Sam Ash
Sam Comery
Sam Derence
Sam Flint
Sam Kelly
Sam La Hood
Sam Rockwell
Sam Sarpong
Sam Vlahos
Sammy Stein
Samual Tate
Samuel E. Shore
Samuel L. Jackson
Samuel S. Hinds
Samy Naceri
Sandro Kopp
Sandy Martin
Sara Ritz
Sarah Bennani
Sarah Edwards
Sarah Fearon
Sarah Hernandez
Sarah Jayne Dunn
Sarah Sayuri Hare
Sarah Thomas
Saul Zaentz
Saveria Mazzola
Scarlett Johansson
Scatman Crothers
Scotch Ellis Loring
Scott B. Morgan
Scott Ganyo
Scott Glenn
Scott Haney
Scott Mann
Scott Pretty
Scotty Leavenworth
Sean Astin
Sean Bean
Sean Button
Sean Hynes
Selwyn Ward
Seong-hwan Jo
Sergii Shadrin
Sergio Kato
Seth Jerome Walker
Seve Esposito
Shahadi Wright Joseph
Shana Carr
Shane Biseell
Shane Dawson
Shane Grove
Shane Jackson
Shaneel Sidal
Shannon Welles
Sharlene Grover
Sharon Blynn
Sharon Rooney
Shawn Fogarty
Shawn Stewart
Shay Duffin
Shayna Ryan
Sheila Cavalette
Sheldon Leonard
Shelley Lang
Shep Houghton
Shirin Caiola
Shunsaku Kudô
Shô Kosugi
Sierra D Jones
Silvie Laguna
Simon Connolly
Simon Northwood
Simon Oakland
Simon Pelletier-Gilbert
Siosa Fonua
Smadar Hanson
Sofia Abbasi
Sofia Coppola
Sofiya Smirnova
Sonia Maria Chirila
Sonny Zito
Sope Aluko
Sophia Bernard
Sophia Hinshelwood
Stacey Bradshaw
Stacy Keach
Stan Lee
Stanley Andrews
Stanley Blystone
Stanley Wong
Stephanie Hoyte
Stephanie Irwin
Stephannie Hawkins
Stephen 'Cajun' Del Bagno
Stephen A. Chang
Stephen Alexander
Stephen Armourae
Stephen Baldwin
Stephen Boxer
Stephen Hibbert
Stephen Samson
Stephen Ure
Steve Blum
Steve Buscemi
Steve Dodd
Steve Flynn
Steve Gonnelo
Steve Healey
Steve Lord
Steve Newburn
Steve Scarfo
Steve Wolford
Steve Wyatt
Steven Dutton
Stream
Stuart Blumberg
Stuart Daly
Stuart Rudin
Stuart Whelan
Suan-Li Ong
Sue-Lynn Ansari
Summer Moore
Susan Griffiths
Susan Williams
Suzanne Ridgway
Suzi Stingl
Suzy Amis
Sy Sher
Sydney 'Big Dawg' Colston
Sydney Lassick
Tabitha Tao
Tack Daniel
Tai-Li Lee
Takumi Bando
Talia Shire
Talulah Riley
Tamara Brown
Tamara Luz Ronchese
Tara Blanchard
Taraji P. Henson
Taylor Geare
Ted Hollis
Ted Knight
Ted Levine
Ted Markland
Ted Monte
Ted Oliver
Tegra Little
Tere Livrano
Teresa Tirelli
Terry Serpico
Thierry Maurio
Thom Gossom Jr.
Thomas B. Duffy
Thomas Delehanty
Thomas F. Wilson
Thomas Gaitsch
Thomas Hartmann
Thomas Kosik
Thomas L. Bellissimo
Thomas Mark Higgins
Thomas Mitchell
Thomas Williamson
Tim Davis
Tim DeZarn
Tim Glanfield
Tim Heidecker
Tim Ingall
Tim Kelleher
Tim Krueger
Tim Robbins
Tim Roth
Tim Smith
Tim Southgate
Tim Ware
Tim Wong
Timothy Carr
Timothy D. Montjoy
Timothy Lee
Timothée Chalamet
Tin Welch
Tina Simmons
Tina Toner
Tinnie Tong
Tiny Sandford
Tito Alba
Todd Karns
Todd Peirce
Todd Terry
Todd Thompson
Tohoru Masamune
Tom Berenger
Tom Chatterton
Tom Coleman
Tom Dab
Tom Dahlgren
Tom Fadden
Tom Falzone
Tom Gaskin
Tom Gorman
Tom Hanks
Tom Hardy
Tom Kemp
Tom McCall
Tom McComas
Tom McElroy
Tom Robertson
Tom Rosqui
Tom Seekings
Tom Tangen
Tom Townsend
Tom Willett
Tommy 'Tiny' Lister
Tommy Barnes
Tommy Bartlett
Tommy Campbell
Tommy Dallace
Tommy Hollis
Tommy Lafitte
Tommy Thomas
Toney Chapman Steele
Tonic
Tony Domino
Tony M. Yee
Tony Pope
Tony Sauraye
Topher Grace
Tosh Robertson
Toy Spears
Tracey Brennan
Tracey Paleo
Tracey Walter
Tracy L. Aldaz
Trevor Bennett
Trevor Walace
Trey Ore
Trina LaFargue
Tristan Maxted
Tristan Tait
Tristan Whincup
Troy Donahue
Troy Fyhn
Troy Powell
Trudi Goodman
Tweed Michael Manning
Tyrone R. Livingston
Uma Thurman
Ursula Holliday
Usman Akram
V.J. Foster
Valerie Bickford
Van Epperson
Van Quattro
Vaughn Taylor
Venancia Grangerard
Venessia Valentino
Vera Farmiga
Vera Miles
Vic Clay
Victor Chan
Victor Pujols Faneyte
Victor Warren
Victoria Beynon-Cole
Victoria Coburn
Viggo Mortensen
Vik Sahay
Viktorija Faith
Vincent Andriano
Vincent Bivona
Vincent Coppola
Vincent Riotta
Vincent Schiavelli
Vincenzo Nicoli
Ving Rhames
Vinny O'Brien
Violetta Pioro
Virgile Bramly
Virginia Coronado
Virginia Gregg
Virginia Patton
Vito D'Ambrosio
Vivek Shah
Vivian Oparah
Wai Wong
Wallace Wong
Wally West
Walter Bacon
Walter James
Walter Lewis
Walter Stocker
Walter Y.F. Wong
Ward Bond
Wayne Baker
Wayne Phillips
Wayne Ward
Wendie Jo Sperber
Wes Bentley
Wes Hall
Wes McGee
Wilbur Fitzgerald
Wilbur Mack
Wilfred Lucas
Will Hare
Will Jones
Will Rowlands
Will Sampson
Will Zahrn
Willi One Blood
William Bowers
William Devane
William Dickinson
William Duell
William Edmunds
William Fichtner
William James Stiggers Jr.
William Lee
William Patrick Brown
William Redfield
William Russ
William Sadler
William Severs
William Smillie
Winham Hammond
Winston Duke
Winston Ellis
Wyn Ritchie Evans
Yahya Abdul-Mateen II
Youlanda Davis
Yuji Okumoto
Zach Grenier
Zachary Christopher Fay
Zachary Levi
Zachary Pauliks
Zak Holland
Zander James
Zee Asha
Zelda Rosset Colon
Zenaida Alcalde
Zlatko Buric
Zolzaya Batmunkh
Zoë Scott
